---
http_interactions:
- request:
    method: get
    uri: http://ohana-api-test.herokuapp.com/api/search?api_token=Ohana-API-Admin-Test&email=moncef@samaritanhouse.com
    body:
      encoding: US-ASCII
      string: ''
    headers:
      Accept:
      - application/vnd.ohanapi-v1+json
      User-Agent:
      - Ohanakapa Ruby Gem 1.1.1
      X-Api-Token:
      - Ohana-API-Admin-Test
      Accept-Encoding:
      - gzip;q=1.0,deflate;q=0.6,identity;q=0.3
  response:
    status:
      code: 200
      message: OK
    headers:
      Cache-Control:
      - max-age=0, private, must-revalidate
      Content-Type:
      - application/json; charset=utf-8
      Date:
      - Tue, 15 Jul 2014 19:53:49 GMT
      Link:
      - <http://ohana-api-test.herokuapp.com/api/search?api_token=Ohana-API-Admin-Test&email=moncef%40samaritanhouse.com&page=2>;
        rel="last", <http://ohana-api-test.herokuapp.com/api/search?api_token=Ohana-API-Admin-Test&email=moncef%40samaritanhouse.com&page=2>;
        rel="next"
      Server:
      - nginx/1.6.0 + Phusion Passenger 4.0.45
      Status:
      - 200 OK
      X-Content-Type-Options:
      - nosniff
      X-Current-Page:
      - '1'
      X-Frame-Options:
      - SAMEORIGIN
      X-Next-Page:
      - '2'
      X-Powered-By:
      - Phusion Passenger 4.0.45
      X-Request-Id:
      - f0a2c9bd-6ad7-440f-bcdd-ac3a92a97f4f
      X-Runtime:
      - '0.094620'
      X-Total-Count:
      - '2'
      X-Total-Pages:
      - '2'
      X-Xss-Protection:
      - 1; mode=block
      Content-Length:
      - '688'
      Connection:
      - keep-alive
    body:
      encoding: UTF-8
      string: '[{"id":18,"admin_emails":[],"coordinates":[-122.207057,37.468678],"description":"Provides
        free medical care to those in need. Offers basic medical exams for adults
        and tuberculosis screening. Assists the individual to access other services
        in the community. By appointment only, Project Smile provides a free dental
        exam, dental cleaning and oral hygiene instruction for children, age 3-12,
        of Samaritan House clients.","latitude":37.468678,"longitude":-122.207057,"name":"Redwood
        City Free Medical Clinic","short_desc":"Provides free medical care to those
        in need.","slug":"redwood-city-free-medical-clinic","updated_at":"2014-07-15T12:51:20.529-07:00","urls":["http://www.samaritanhouse.com"],"contacts_url":"http://ohana-api-test.herokuapp.com/api/locations/redwood-city-free-medical-clinic/contacts","faxes_url":"http://ohana-api-test.herokuapp.com/api/locations/redwood-city-free-medical-clinic/faxes","services_url":"http://ohana-api-test.herokuapp.com/api/locations/redwood-city-free-medical-clinic/services","url":"http://ohana-api-test.herokuapp.com/api/locations/redwood-city-free-medical-clinic","address":{"id":18,"street":"114
        Fifth Avenue","city":"Redwood City","state":"CA","zip":"94063"},"organization":{"id":5,"name":"Samaritan
        House","slug":"samaritan-house","urls":[],"url":"http://ohana-api-test.herokuapp.com/api/organizations/samaritan-house","locations_url":"http://ohana-api-test.herokuapp.com/api/organizations/samaritan-house/locations"},"phones":[{"id":18,"department":null,"extension":null,"number":"650
        839-1447","number_type":null,"vanity_number":null}]}]'
    http_version: 
  recorded_at: Tue, 15 Jul 2014 19:53:48 GMT
- request:
    method: post
    uri: http://ohana-api-test.herokuapp.com/api/locations/?accessibility&address_attributes%5Bcity%5D=utopia&address_attributes%5Bdestroy%5D&address_attributes%5Bnew%5D&address_attributes%5Bstate%5D=XX&address_attributes%5Bstreet%5D=modularity&address_attributes%5Bzip%5D=12345&admin_emails%5B0%5D=moncef@samaritanhouse.com&api_token=Ohana-API-Admin-Test&description=new%20description&hours=&name=new%20samaritan%20house%20location&organization_id=5&short_desc=&transportation=SAMTRANS%20stops%20within%201/2%20mile.&urls%5B0%5D=http://www.samaritanhouse.com
    body:
      encoding: UTF-8
      string: "{}"
    headers:
      Accept:
      - application/vnd.ohanapi-v1+json
      User-Agent:
      - Ohanakapa Ruby Gem 1.1.1
      X-Api-Token:
      - Ohana-API-Admin-Test
      Accept-Encoding:
      - gzip;q=1.0,deflate;q=0.6,identity;q=0.3
  response:
    status:
      code: 201
      message: Created
    headers:
      Cache-Control:
      - max-age=0, private, must-revalidate
      Content-Type:
      - application/json; charset=utf-8
      Date:
      - Tue, 15 Jul 2014 19:53:49 GMT
      Etag:
      - '"dd06e1a3c98240a886078984c0159067"'
      Location:
      - http://ohana-api-test.herokuapp.com/api/locations/new-samaritan-house-location
      Server:
      - nginx/1.6.0 + Phusion Passenger 4.0.45
      Status:
      - 201 Created
      X-Content-Type-Options:
      - nosniff
      X-Frame-Options:
      - SAMEORIGIN
      X-Powered-By:
      - Phusion Passenger 4.0.45
      X-Request-Id:
      - 93ad2859-3eba-453d-860f-3ada2242cc07
      X-Runtime:
      - '0.180475'
      X-Xss-Protection:
      - 1; mode=block
      Content-Length:
      - '86'
      Connection:
      - keep-alive
    body:
      encoding: UTF-8
      string: '{"id":132,"name":"new samaritan house location","slug":"new-samaritan-house-location"}'
    http_version: 
  recorded_at: Tue, 15 Jul 2014 19:53:49 GMT
- request:
    method: post
    uri: http://ohana-api-test.herokuapp.com/api/locations/132/services?api_token=Ohana-API-Admin-Test&audience=&description=new%20service%20description&eligibility=&fees=&how_to_apply=&keywords&name=new%20samaritan%20house%20service&service_areas&wait=
    body:
      encoding: UTF-8
      string: "{}"
    headers:
      Accept:
      - application/vnd.ohanapi-v1+json
      User-Agent:
      - Ohanakapa Ruby Gem 1.1.1
      X-Api-Token:
      - Ohana-API-Admin-Test
      Accept-Encoding:
      - gzip;q=1.0,deflate;q=0.6,identity;q=0.3
  response:
    status:
      code: 201
      message: Created
    headers:
      Cache-Control:
      - max-age=0, private, must-revalidate
      Content-Type:
      - application/json; charset=utf-8
      Date:
      - Tue, 15 Jul 2014 19:53:49 GMT
      Etag:
      - '"cc749ac59a450716268d388930e979ee"'
      Server:
      - nginx/1.6.0 + Phusion Passenger 4.0.45
      Status:
      - 201 Created
      X-Content-Type-Options:
      - nosniff
      X-Frame-Options:
      - SAMEORIGIN
      X-Powered-By:
      - Phusion Passenger 4.0.45
      X-Request-Id:
      - bef16939-f01f-4d15-a9dc-966fdca3c5a1
      X-Runtime:
      - '0.047420'
      X-Xss-Protection:
      - 1; mode=block
      Content-Length:
      - '309'
      Connection:
      - keep-alive
    body:
      encoding: UTF-8
      string: '{"id":133,"audience":null,"description":"new service description","eligibility":null,"fees":null,"funding_sources":[],"how_to_apply":null,"keywords":[],"name":"new
        samaritan house service","service_areas":[],"short_desc":null,"urls":[],"wait":null,"updated_at":"2014-07-15T12:53:49.975-07:00","categories":[]}'
    http_version: 
  recorded_at: Tue, 15 Jul 2014 19:53:49 GMT
- request:
    method: put
    uri: http://ohana-api-test.herokuapp.com/api/services/133/categories?api_token=Ohana-API-Admin-Test&oe_ids
    body:
      encoding: UTF-8
      string: "{}"
    headers:
      Accept:
      - application/vnd.ohanapi-v1+json
      User-Agent:
      - Ohanakapa Ruby Gem 1.1.1
      X-Api-Token:
      - Ohana-API-Admin-Test
      Accept-Encoding:
      - gzip;q=1.0,deflate;q=0.6,identity;q=0.3
  response:
    status:
      code: 200
      message: OK
    headers:
      Cache-Control:
      - max-age=0, private, must-revalidate
      Content-Type:
      - application/json; charset=utf-8
      Date:
      - Tue, 15 Jul 2014 19:53:50 GMT
      Server:
      - nginx/1.6.0 + Phusion Passenger 4.0.45
      Status:
      - 200 OK
      X-Content-Type-Options:
      - nosniff
      X-Frame-Options:
      - SAMEORIGIN
      X-Powered-By:
      - Phusion Passenger 4.0.45
      X-Request-Id:
      - f2432da2-670d-4f1d-b4cc-40265ae791dd
      X-Runtime:
      - '0.042808'
      X-Xss-Protection:
      - 1; mode=block
      Content-Length:
      - '218'
      Connection:
      - keep-alive
    body:
      encoding: UTF-8
      string: '{"id":133,"audience":null,"description":"new service description","eligibility":null,"fees":null,"funding_sources":[],"how_to_apply":null,"keywords":[],"name":"new
        samaritan house service","service_areas":[],"short_desc":null,"urls":[],"wait":null,"updated_at":"2014-07-15T12:53:50.071-07:00","categories":[]}'
    http_version: 
  recorded_at: Tue, 15 Jul 2014 19:53:49 GMT
- request:
    method: get
    uri: http://ohana-api-test.herokuapp.com/api/locations/new-samaritan-house-location?api_token=Ohana-API-Admin-Test
    body:
      encoding: US-ASCII
      string: ''
    headers:
      Accept:
      - application/vnd.ohanapi-v1+json
      User-Agent:
      - Ohanakapa Ruby Gem 1.1.1
      X-Api-Token:
      - Ohana-API-Admin-Test
      Accept-Encoding:
      - gzip;q=1.0,deflate;q=0.6,identity;q=0.3
  response:
    status:
      code: 200
      message: OK
    headers:
      Cache-Control:
      - max-age=0, private, must-revalidate
      Content-Type:
      - application/json; charset=utf-8
      Date:
      - Tue, 15 Jul 2014 19:53:50 GMT
      Server:
      - nginx/1.6.0 + Phusion Passenger 4.0.45
      Status:
      - 200 OK
      X-Content-Type-Options:
      - nosniff
      X-Frame-Options:
      - SAMEORIGIN
      X-Powered-By:
      - Phusion Passenger 4.0.45
      X-Request-Id:
      - 704132e8-4143-49d3-b220-fdaa6f6220b2
      X-Runtime:
      - '0.040040'
      X-Xss-Protection:
      - 1; mode=block
      Content-Length:
      - '582'
      Connection:
      - keep-alive
    body:
      encoding: UTF-8
      string: '{"id":132,"accessibility":[],"admin_emails":["moncef@samaritanhouse.com"],"coordinates":[-73.9814578,42.8140012],"description":"new
        description","emails":[],"hours":null,"languages":[],"latitude":42.8140012,"longitude":-73.9814578,"name":"new
        samaritan house location","short_desc":null,"slug":"new-samaritan-house-location","transportation":"SAMTRANS
        stops within 1/2 mile.","updated_at":"2014-07-15T12:53:50.077-07:00","urls":["http://www.samaritanhouse.com"],"url":"http://ohana-api-test.herokuapp.com/api/locations/new-samaritan-house-location","address":{"id":137,"street":"modularity","city":"utopia","state":"XX","zip":"12345"},"contacts":[],"faxes":[],"mail_address":null,"phones":[],"services":[{"id":133,"audience":null,"description":"new
        service description","eligibility":null,"fees":null,"funding_sources":[],"how_to_apply":null,"keywords":[],"name":"new
        samaritan house service","service_areas":[],"short_desc":null,"urls":[],"wait":null,"updated_at":"2014-07-15T12:53:50.071-07:00","categories":[]}],"organization":{"id":5,"name":"Samaritan
        House","slug":"samaritan-house","urls":[],"url":"http://ohana-api-test.herokuapp.com/api/organizations/samaritan-house","locations_url":"http://ohana-api-test.herokuapp.com/api/organizations/samaritan-house/locations"}}'
    http_version: 
  recorded_at: Tue, 15 Jul 2014 19:53:49 GMT
- request:
    method: delete
    uri: http://ohana-api-test.herokuapp.com/api/locations/132?api_token=Ohana-API-Admin-Test
    body:
      encoding: UTF-8
      string: "{}"
    headers:
      Accept:
      - application/vnd.ohanapi-v1+json
      User-Agent:
      - Ohanakapa Ruby Gem 1.1.1
      X-Api-Token:
      - Ohana-API-Admin-Test
      Accept-Encoding:
      - gzip;q=1.0,deflate;q=0.6,identity;q=0.3
  response:
    status:
      code: 204
      message: No Content
    headers:
      Cache-Control:
      - no-cache
      Date:
      - Tue, 15 Jul 2014 19:53:50 GMT
      Server:
      - nginx/1.6.0 + Phusion Passenger 4.0.45
      Status:
      - 204 No Content
      X-Content-Type-Options:
      - nosniff
      X-Frame-Options:
      - SAMEORIGIN
      X-Powered-By:
      - Phusion Passenger 4.0.45
      X-Request-Id:
      - 32e251c2-bc57-4770-a4c2-85350c557b5e
      X-Runtime:
      - '0.074430'
      X-Xss-Protection:
      - 1; mode=block
      Connection:
      - keep-alive
    body:
      encoding: UTF-8
      string: ''
    http_version: 
  recorded_at: Tue, 15 Jul 2014 19:53:50 GMT
- request:
    method: get
    uri: http://ohana-api-test.herokuapp.com/api/search?api_token=Ohana-API-Admin-Test&email=moncef@samaritanhouse.com
    body:
      encoding: US-ASCII
      string: ''
    headers:
      Accept:
      - application/vnd.ohanapi-v1+json
      User-Agent:
      - Ohanakapa Ruby Gem 1.1.1
      X-Api-Token:
      - Ohana-API-Admin-Test
      Accept-Encoding:
      - gzip;q=1.0,deflate;q=0.6,identity;q=0.3
  response:
    status:
      code: 200
      message: OK
    headers:
      Cache-Control:
      - max-age=0, private, must-revalidate
      Content-Type:
      - application/json; charset=utf-8
      Date:
      - Tue, 15 Jul 2014 19:53:51 GMT
      Link:
      - <http://ohana-api-test.herokuapp.com/api/search?api_token=Ohana-API-Admin-Test&email=moncef%40samaritanhouse.com&page=2>;
        rel="last", <http://ohana-api-test.herokuapp.com/api/search?api_token=Ohana-API-Admin-Test&email=moncef%40samaritanhouse.com&page=2>;
        rel="next"
      Server:
      - nginx/1.6.0 + Phusion Passenger 4.0.45
      Status:
      - 200 OK
      X-Content-Type-Options:
      - nosniff
      X-Current-Page:
      - '1'
      X-Frame-Options:
      - SAMEORIGIN
      X-Next-Page:
      - '2'
      X-Powered-By:
      - Phusion Passenger 4.0.45
      X-Request-Id:
      - c7bc7ff2-5797-4447-a47f-4f0afefe3553
      X-Runtime:
      - '0.046518'
      X-Total-Count:
      - '2'
      X-Total-Pages:
      - '2'
      X-Xss-Protection:
      - 1; mode=block
      Content-Length:
      - '688'
      Connection:
      - keep-alive
    body:
      encoding: UTF-8
      string: '[{"id":18,"admin_emails":[],"coordinates":[-122.207057,37.468678],"description":"Provides
        free medical care to those in need. Offers basic medical exams for adults
        and tuberculosis screening. Assists the individual to access other services
        in the community. By appointment only, Project Smile provides a free dental
        exam, dental cleaning and oral hygiene instruction for children, age 3-12,
        of Samaritan House clients.","latitude":37.468678,"longitude":-122.207057,"name":"Redwood
        City Free Medical Clinic","short_desc":"Provides free medical care to those
        in need.","slug":"redwood-city-free-medical-clinic","updated_at":"2014-07-15T12:51:20.529-07:00","urls":["http://www.samaritanhouse.com"],"contacts_url":"http://ohana-api-test.herokuapp.com/api/locations/redwood-city-free-medical-clinic/contacts","faxes_url":"http://ohana-api-test.herokuapp.com/api/locations/redwood-city-free-medical-clinic/faxes","services_url":"http://ohana-api-test.herokuapp.com/api/locations/redwood-city-free-medical-clinic/services","url":"http://ohana-api-test.herokuapp.com/api/locations/redwood-city-free-medical-clinic","address":{"id":18,"street":"114
        Fifth Avenue","city":"Redwood City","state":"CA","zip":"94063"},"organization":{"id":5,"name":"Samaritan
        House","slug":"samaritan-house","urls":[],"url":"http://ohana-api-test.herokuapp.com/api/organizations/samaritan-house","locations_url":"http://ohana-api-test.herokuapp.com/api/organizations/samaritan-house/locations"},"phones":[{"id":18,"department":null,"extension":null,"number":"650
        839-1447","number_type":null,"vanity_number":null}]}]'
    http_version: 
  recorded_at: Tue, 15 Jul 2014 19:53:50 GMT
recorded_with: VCR 2.9.2
