---
http_interactions:
- request:
    method: get
    uri: http://ohana-api-test.herokuapp.com/api/search?api_token=Ohana-API-Admin-Test&domain=samaritanhouse.com
    body:
      encoding: US-ASCII
      string: ''
    headers:
      Accept:
      - application/vnd.ohanapi-v1+json
      User-Agent:
      - Ohanakapa Ruby Gem 1.1.0
      X-Api-Token:
      - Ohana-API-Admin-Test
      Accept-Encoding:
      - gzip;q=1.0,deflate;q=0.6,identity;q=0.3
  response:
    status:
      code: 200
      message: OK
    headers:
      Cache-Control:
      - max-age=0, private, must-revalidate
      Content-Type:
      - application/json; charset=utf-8
      Date:
      - Fri, 27 Jun 2014 05:04:14 GMT
      Link:
      - <http://ohana-api-test.herokuapp.com/api/search?api_token=Ohana-API-Admin-Test&domain=samaritanhouse.com&page=2>;
        rel="last", <http://ohana-api-test.herokuapp.com/api/search?api_token=Ohana-API-Admin-Test&domain=samaritanhouse.com&page=2>;
        rel="next"
      Server:
      - nginx/1.6.0 + Phusion Passenger 4.0.45
      Status:
      - 200 OK
      X-Content-Type-Options:
      - nosniff
      X-Current-Page:
      - '1'
      X-Frame-Options:
      - SAMEORIGIN
      X-Next-Page:
      - '2'
      X-Powered-By:
      - Phusion Passenger 4.0.45
      X-Request-Id:
      - f6782767-b444-4db6-bf40-81c9109990df
      X-Runtime:
      - '0.361970'
      X-Total-Count:
      - '2'
      X-Total-Pages:
      - '2'
      X-Xss-Protection:
      - 1; mode=block
      Transfer-Encoding:
      - chunked
      Connection:
      - keep-alive
    body:
      encoding: UTF-8
      string: '[{"id":18,"admin_emails":[],"coordinates":[-122.207057,37.468678],"description":"Provides
        free medical care to those in need. Offers basic medical exams for adults
        and tuberculosis screening. Assists the individual to access other services
        in the community. By appointment only, Project Smile provides a free dental
        exam, dental cleaning and oral hygiene instruction for children, age 3-12,
        of Samaritan House clients.","latitude":37.468678,"longitude":-122.207057,"name":"Redwood
        City Free Medical Clinic","short_desc":"Provides free medical care to those
        in need.","slug":"redwood-city-free-medical-clinic","updated_at":"2014-06-26T22:02:38.111-07:00","urls":["http://www.samaritanhouse.com"],"contacts_url":"http://ohana-api-test.herokuapp.com/api/locations/redwood-city-free-medical-clinic/contacts","faxes_url":"http://ohana-api-test.herokuapp.com/api/locations/redwood-city-free-medical-clinic/faxes","services_url":"http://ohana-api-test.herokuapp.com/api/locations/redwood-city-free-medical-clinic/services","url":"http://ohana-api-test.herokuapp.com/api/locations/redwood-city-free-medical-clinic","address":{"id":18,"street":"114
        Fifth Avenue","city":"Redwood City","state":"CA","zip":"94063"},"organization":{"id":5,"name":"Samaritan
        House","slug":"samaritan-house","urls":[],"url":"http://ohana-api-test.herokuapp.com/api/organizations/samaritan-house","locations_url":"http://ohana-api-test.herokuapp.com/api/organizations/samaritan-house/locations"},"phones":[{"id":18,"department":null,"extension":null,"number":"650
        839-1447","number_type":null,"vanity_number":null}]}]'
    http_version: 
  recorded_at: Fri, 27 Jun 2014 05:04:14 GMT
- request:
    method: post
    uri: http://ohana-api-test.herokuapp.com/api/locations/?accessibility&address_attributes%5Bcity%5D=utopia&address_attributes%5Bdestroy%5D&address_attributes%5Bnew%5D&address_attributes%5Bstate%5D=XX&address_attributes%5Bstreet%5D=modularity&address_attributes%5Bzip%5D=12345&admin_emails&api_token=Ohana-API-Admin-Test&description=new%20description&hours=&name=&organization_id=5&short_desc=&transportation=&urls%5B0%5D=http://www.samaritanhouse.com
    body:
      encoding: UTF-8
      string: "{}"
    headers:
      Accept:
      - application/vnd.ohanapi-v1+json
      User-Agent:
      - Ohanakapa Ruby Gem 1.1.0
      X-Api-Token:
      - Ohana-API-Admin-Test
      Accept-Encoding:
      - gzip;q=1.0,deflate;q=0.6,identity;q=0.3
  response:
    status:
      code: 422
      message: Unprocessable Entity
    headers:
      Cache-Control:
      - no-cache
      Content-Type:
      - application/json; charset=utf-8
      Date:
      - Fri, 27 Jun 2014 05:04:15 GMT
      Server:
      - nginx/1.6.0 + Phusion Passenger 4.0.45
      Status:
      - 422 Unprocessable Entity
      X-Content-Type-Options:
      - nosniff
      X-Frame-Options:
      - SAMEORIGIN
      X-Powered-By:
      - Phusion Passenger 4.0.45
      X-Request-Id:
      - 8638e859-bb70-42cd-8587-c72f404d728c
      X-Runtime:
      - '0.202237'
      X-Xss-Protection:
      - 1; mode=block
      Transfer-Encoding:
      - chunked
      Connection:
      - keep-alive
    body:
      encoding: UTF-8
      string: '{"status":422,"message":"Validation failed for resource.","errors":[{"name":["can''t
        be blank for Location"]}]}'
    http_version: 
  recorded_at: Fri, 27 Jun 2014 05:04:15 GMT
- request:
    method: get
    uri: http://ohana-api-test.herokuapp.com/api/search?api_token=Ohana-API-Admin-Test&domain=samaritanhouse.com
    body:
      encoding: US-ASCII
      string: ''
    headers:
      Accept:
      - application/vnd.ohanapi-v1+json
      User-Agent:
      - Ohanakapa Ruby Gem 1.1.0
      X-Api-Token:
      - Ohana-API-Admin-Test
      Accept-Encoding:
      - gzip;q=1.0,deflate;q=0.6,identity;q=0.3
  response:
    status:
      code: 200
      message: OK
    headers:
      Cache-Control:
      - max-age=0, private, must-revalidate
      Content-Type:
      - application/json; charset=utf-8
      Date:
      - Fri, 27 Jun 2014 05:04:15 GMT
      Link:
      - <http://ohana-api-test.herokuapp.com/api/search?api_token=Ohana-API-Admin-Test&domain=samaritanhouse.com&page=2>;
        rel="last", <http://ohana-api-test.herokuapp.com/api/search?api_token=Ohana-API-Admin-Test&domain=samaritanhouse.com&page=2>;
        rel="next"
      Server:
      - nginx/1.6.0 + Phusion Passenger 4.0.45
      Status:
      - 200 OK
      X-Content-Type-Options:
      - nosniff
      X-Current-Page:
      - '1'
      X-Frame-Options:
      - SAMEORIGIN
      X-Next-Page:
      - '2'
      X-Powered-By:
      - Phusion Passenger 4.0.45
      X-Request-Id:
      - abcb12ad-85c6-4605-b3b8-5caa4ff67dfe
      X-Runtime:
      - '0.040955'
      X-Total-Count:
      - '2'
      X-Total-Pages:
      - '2'
      X-Xss-Protection:
      - 1; mode=block
      Transfer-Encoding:
      - chunked
      Connection:
      - keep-alive
    body:
      encoding: UTF-8
      string: '[{"id":18,"admin_emails":[],"coordinates":[-122.207057,37.468678],"description":"Provides
        free medical care to those in need. Offers basic medical exams for adults
        and tuberculosis screening. Assists the individual to access other services
        in the community. By appointment only, Project Smile provides a free dental
        exam, dental cleaning and oral hygiene instruction for children, age 3-12,
        of Samaritan House clients.","latitude":37.468678,"longitude":-122.207057,"name":"Redwood
        City Free Medical Clinic","short_desc":"Provides free medical care to those
        in need.","slug":"redwood-city-free-medical-clinic","updated_at":"2014-06-26T22:02:38.111-07:00","urls":["http://www.samaritanhouse.com"],"contacts_url":"http://ohana-api-test.herokuapp.com/api/locations/redwood-city-free-medical-clinic/contacts","faxes_url":"http://ohana-api-test.herokuapp.com/api/locations/redwood-city-free-medical-clinic/faxes","services_url":"http://ohana-api-test.herokuapp.com/api/locations/redwood-city-free-medical-clinic/services","url":"http://ohana-api-test.herokuapp.com/api/locations/redwood-city-free-medical-clinic","address":{"id":18,"street":"114
        Fifth Avenue","city":"Redwood City","state":"CA","zip":"94063"},"organization":{"id":5,"name":"Samaritan
        House","slug":"samaritan-house","urls":[],"url":"http://ohana-api-test.herokuapp.com/api/organizations/samaritan-house","locations_url":"http://ohana-api-test.herokuapp.com/api/organizations/samaritan-house/locations"},"phones":[{"id":18,"department":null,"extension":null,"number":"650
        839-1447","number_type":null,"vanity_number":null}]}]'
    http_version: 
  recorded_at: Fri, 27 Jun 2014 05:04:15 GMT
recorded_with: VCR 2.9.2
