---
http_interactions:
- request:
    method: get
    uri: http://ohana-api-test.herokuapp.com/api/search?api_token=Ohana-API-Admin-Test&domain=samaritanhouse.com
    body:
      encoding: US-ASCII
      string: ''
    headers:
      Accept:
      - application/vnd.ohanapi-v1+json
      User-Agent:
      - Ohanakapa Ruby Gem 1.1.0
      X-Api-Token:
      - Ohana-API-Admin-Test
      Accept-Encoding:
      - gzip;q=1.0,deflate;q=0.6,identity;q=0.3
  response:
    status:
      code: 200
      message: OK
    headers:
      Cache-Control:
      - max-age=0, private, must-revalidate
      Content-Type:
      - application/json; charset=utf-8
      Date:
      - Fri, 27 Jun 2014 05:04:08 GMT
      Link:
      - <http://ohana-api-test.herokuapp.com/api/search?api_token=Ohana-API-Admin-Test&domain=samaritanhouse.com&page=2>;
        rel="last", <http://ohana-api-test.herokuapp.com/api/search?api_token=Ohana-API-Admin-Test&domain=samaritanhouse.com&page=2>;
        rel="next"
      Server:
      - nginx/1.6.0 + Phusion Passenger 4.0.45
      Status:
      - 200 OK
      X-Content-Type-Options:
      - nosniff
      X-Current-Page:
      - '1'
      X-Frame-Options:
      - SAMEORIGIN
      X-Next-Page:
      - '2'
      X-Powered-By:
      - Phusion Passenger 4.0.45
      X-Request-Id:
      - 9d6bc05e-ad1a-47c1-b3c8-2b1cf30781c5
      X-Runtime:
      - '0.025090'
      X-Total-Count:
      - '2'
      X-Total-Pages:
      - '2'
      X-Xss-Protection:
      - 1; mode=block
      Content-Length:
      - '690'
      Connection:
      - keep-alive
    body:
      encoding: UTF-8
      string: '[{"id":18,"admin_emails":[],"coordinates":[-122.207057,37.468678],"description":"Provides
        free medical care to those in need. Offers basic medical exams for adults
        and tuberculosis screening. Assists the individual to access other services
        in the community. By appointment only, Project Smile provides a free dental
        exam, dental cleaning and oral hygiene instruction for children, age 3-12,
        of Samaritan House clients.","latitude":37.468678,"longitude":-122.207057,"name":"Redwood
        City Free Medical Clinic","short_desc":"Provides free medical care to those
        in need.","slug":"redwood-city-free-medical-clinic","updated_at":"2014-06-26T22:02:38.111-07:00","urls":["http://www.samaritanhouse.com"],"contacts_url":"http://ohana-api-test.herokuapp.com/api/locations/redwood-city-free-medical-clinic/contacts","faxes_url":"http://ohana-api-test.herokuapp.com/api/locations/redwood-city-free-medical-clinic/faxes","services_url":"http://ohana-api-test.herokuapp.com/api/locations/redwood-city-free-medical-clinic/services","url":"http://ohana-api-test.herokuapp.com/api/locations/redwood-city-free-medical-clinic","address":{"id":18,"street":"114
        Fifth Avenue","city":"Redwood City","state":"CA","zip":"94063"},"organization":{"id":5,"name":"Samaritan
        House","slug":"samaritan-house","urls":[],"url":"http://ohana-api-test.herokuapp.com/api/organizations/samaritan-house","locations_url":"http://ohana-api-test.herokuapp.com/api/organizations/samaritan-house/locations"},"phones":[{"id":18,"department":null,"extension":null,"number":"650
        839-1447","number_type":null,"vanity_number":null}]}]'
    http_version: 
  recorded_at: Fri, 27 Jun 2014 05:04:08 GMT
- request:
    method: post
    uri: http://ohana-api-test.herokuapp.com/api/locations/?accessibility&address_attributes%5Bcity%5D=Redwood%20City&address_attributes%5Bdestroy%5D&address_attributes%5Bnew%5D&address_attributes%5Bstate%5D=XX&address_attributes%5Bstreet%5D=1486%20Huntington%20Avenue,%20Suite%20100&address_attributes%5Bzip%5D=94080-5932&admin_emails&api_token=Ohana-API-Admin-Test&description=new%20description&hours=&name=new%20samaritan%20house%20location&organization_id=5&short_desc=&transportation=&urls%5B0%5D=http://www.samaritanhouse.com
    body:
      encoding: UTF-8
      string: "{}"
    headers:
      Accept:
      - application/vnd.ohanapi-v1+json
      User-Agent:
      - Ohanakapa Ruby Gem 1.1.0
      X-Api-Token:
      - Ohana-API-Admin-Test
      Accept-Encoding:
      - gzip;q=1.0,deflate;q=0.6,identity;q=0.3
  response:
    status:
      code: 201
      message: Created
    headers:
      Cache-Control:
      - max-age=0, private, must-revalidate
      Content-Type:
      - application/json; charset=utf-8
      Date:
      - Fri, 27 Jun 2014 05:04:08 GMT
      Etag:
      - '"62f6c9629867c9e8e2ec085b08ab5805"'
      Location:
      - http://ohana-api-test.herokuapp.com/api/locations/new-samaritan-house-location
      Server:
      - nginx/1.6.0 + Phusion Passenger 4.0.45
      Status:
      - 201 Created
      X-Content-Type-Options:
      - nosniff
      X-Frame-Options:
      - SAMEORIGIN
      X-Powered-By:
      - Phusion Passenger 4.0.45
      X-Request-Id:
      - fec40e0e-6e72-45f1-aee2-dc49a0383423
      X-Runtime:
      - '0.185635'
      X-Xss-Protection:
      - 1; mode=block
      Content-Length:
      - '85'
      Connection:
      - keep-alive
    body:
      encoding: UTF-8
      string: '{"id":97,"name":"new samaritan house location","slug":"new-samaritan-house-location"}'
    http_version: 
  recorded_at: Fri, 27 Jun 2014 05:04:09 GMT
- request:
    method: post
    uri: http://ohana-api-test.herokuapp.com/api/locations/97/services?api_token=Ohana-API-Admin-Test&audience=&eligibility=&fees=&how_to_apply=&keywords&service_areas&wait=
    body:
      encoding: UTF-8
      string: "{}"
    headers:
      Accept:
      - application/vnd.ohanapi-v1+json
      User-Agent:
      - Ohanakapa Ruby Gem 1.1.0
      X-Api-Token:
      - Ohana-API-Admin-Test
      Accept-Encoding:
      - gzip;q=1.0,deflate;q=0.6,identity;q=0.3
  response:
    status:
      code: 201
      message: Created
    headers:
      Cache-Control:
      - max-age=0, private, must-revalidate
      Content-Type:
      - application/json; charset=utf-8
      Date:
      - Fri, 27 Jun 2014 05:04:09 GMT
      Etag:
      - '"c3d2d129241393a9f757117c1064dbe8"'
      Server:
      - nginx/1.6.0 + Phusion Passenger 4.0.45
      Status:
      - 201 Created
      X-Content-Type-Options:
      - nosniff
      X-Frame-Options:
      - SAMEORIGIN
      X-Powered-By:
      - Phusion Passenger 4.0.45
      X-Request-Id:
      - 9c46c86d-2e35-4f6e-b76b-663dc7d49443
      X-Runtime:
      - '0.058099'
      X-Xss-Protection:
      - 1; mode=block
      Content-Length:
      - '262'
      Connection:
      - keep-alive
    body:
      encoding: UTF-8
      string: '{"id":98,"audience":null,"description":null,"eligibility":null,"fees":null,"funding_sources":[],"how_to_apply":null,"keywords":[],"name":null,"service_areas":[],"short_desc":null,"urls":[],"wait":null,"updated_at":"2014-06-26T22:04:09.111-07:00","categories":[]}'
    http_version: 
  recorded_at: Fri, 27 Jun 2014 05:04:09 GMT
- request:
    method: put
    uri: http://ohana-api-test.herokuapp.com/api/services/98/categories?api_token=Ohana-API-Admin-Test&oe_ids
    body:
      encoding: UTF-8
      string: "{}"
    headers:
      Accept:
      - application/vnd.ohanapi-v1+json
      User-Agent:
      - Ohanakapa Ruby Gem 1.1.0
      X-Api-Token:
      - Ohana-API-Admin-Test
      Accept-Encoding:
      - gzip;q=1.0,deflate;q=0.6,identity;q=0.3
  response:
    status:
      code: 200
      message: OK
    headers:
      Cache-Control:
      - max-age=0, private, must-revalidate
      Content-Type:
      - application/json; charset=utf-8
      Date:
      - Fri, 27 Jun 2014 05:04:09 GMT
      Server:
      - nginx/1.6.0 + Phusion Passenger 4.0.45
      Status:
      - 200 OK
      X-Content-Type-Options:
      - nosniff
      X-Frame-Options:
      - SAMEORIGIN
      X-Powered-By:
      - Phusion Passenger 4.0.45
      X-Request-Id:
      - 94ce8878-76b6-4277-a9d4-f5311e330bd6
      X-Runtime:
      - '0.062744'
      X-Xss-Protection:
      - 1; mode=block
      Content-Length:
      - '191'
      Connection:
      - keep-alive
    body:
      encoding: UTF-8
      string: '{"id":98,"audience":null,"description":null,"eligibility":null,"fees":null,"funding_sources":[],"how_to_apply":null,"keywords":[],"name":null,"service_areas":[],"short_desc":null,"urls":[],"wait":null,"updated_at":"2014-06-26T22:04:09.212-07:00","categories":[]}'
    http_version: 
  recorded_at: Fri, 27 Jun 2014 05:04:09 GMT
- request:
    method: get
    uri: http://ohana-api-test.herokuapp.com/api/locations/new-samaritan-house-location?api_token=Ohana-API-Admin-Test
    body:
      encoding: US-ASCII
      string: ''
    headers:
      Accept:
      - application/vnd.ohanapi-v1+json
      User-Agent:
      - Ohanakapa Ruby Gem 1.1.0
      X-Api-Token:
      - Ohana-API-Admin-Test
      Accept-Encoding:
      - gzip;q=1.0,deflate;q=0.6,identity;q=0.3
  response:
    status:
      code: 200
      message: OK
    headers:
      Cache-Control:
      - max-age=0, private, must-revalidate
      Content-Type:
      - application/json; charset=utf-8
      Date:
      - Fri, 27 Jun 2014 05:04:09 GMT
      Server:
      - nginx/1.6.0 + Phusion Passenger 4.0.45
      Status:
      - 200 OK
      X-Content-Type-Options:
      - nosniff
      X-Frame-Options:
      - SAMEORIGIN
      X-Powered-By:
      - Phusion Passenger 4.0.45
      X-Request-Id:
      - bae43bd0-188d-4743-b505-84664f21b7c0
      X-Runtime:
      - '0.053356'
      X-Xss-Protection:
      - 1; mode=block
      Transfer-Encoding:
      - chunked
      Connection:
      - keep-alive
    body:
      encoding: UTF-8
      string: '{"id":97,"accessibility":[],"admin_emails":[],"coordinates":[-122.2109272,37.4754221],"description":"new
        description","emails":[],"hours":null,"languages":[],"latitude":37.4754221,"longitude":-122.2109272,"name":"new
        samaritan house location","short_desc":null,"slug":"new-samaritan-house-location","transportation":null,"updated_at":"2014-06-26T22:04:09.224-07:00","urls":["http://www.samaritanhouse.com"],"url":"http://ohana-api-test.herokuapp.com/api/locations/new-samaritan-house-location","address":{"id":101,"street":"1486
        Huntington Avenue, Suite 100","city":"Redwood City","state":"XX","zip":"94080-5932"},"contacts":[],"faxes":[],"mail_address":null,"phones":[],"services":[{"id":98,"audience":null,"description":null,"eligibility":null,"fees":null,"funding_sources":[],"how_to_apply":null,"keywords":[],"name":null,"service_areas":[],"short_desc":null,"urls":[],"wait":null,"updated_at":"2014-06-26T22:04:09.212-07:00","categories":[]}],"organization":{"id":5,"name":"Samaritan
        House","slug":"samaritan-house","urls":[],"url":"http://ohana-api-test.herokuapp.com/api/organizations/samaritan-house","locations_url":"http://ohana-api-test.herokuapp.com/api/organizations/samaritan-house/locations"}}'
    http_version: 
  recorded_at: Fri, 27 Jun 2014 05:04:09 GMT
- request:
    method: delete
    uri: http://ohana-api-test.herokuapp.com/api/locations/97?api_token=Ohana-API-Admin-Test
    body:
      encoding: UTF-8
      string: "{}"
    headers:
      Accept:
      - application/vnd.ohanapi-v1+json
      User-Agent:
      - Ohanakapa Ruby Gem 1.1.0
      X-Api-Token:
      - Ohana-API-Admin-Test
      Accept-Encoding:
      - gzip;q=1.0,deflate;q=0.6,identity;q=0.3
  response:
    status:
      code: 204
      message: No Content
    headers:
      Cache-Control:
      - no-cache
      Date:
      - Fri, 27 Jun 2014 05:04:10 GMT
      Server:
      - nginx/1.6.0 + Phusion Passenger 4.0.45
      Status:
      - 204 No Content
      X-Content-Type-Options:
      - nosniff
      X-Frame-Options:
      - SAMEORIGIN
      X-Powered-By:
      - Phusion Passenger 4.0.45
      X-Request-Id:
      - bdfc0c68-8c27-4452-a802-92961f872634
      X-Runtime:
      - '0.166615'
      X-Xss-Protection:
      - 1; mode=block
      Connection:
      - keep-alive
    body:
      encoding: UTF-8
      string: ''
    http_version: 
  recorded_at: Fri, 27 Jun 2014 05:04:10 GMT
- request:
    method: get
    uri: http://ohana-api-test.herokuapp.com/api/search?api_token=Ohana-API-Admin-Test&domain=samaritanhouse.com
    body:
      encoding: US-ASCII
      string: ''
    headers:
      Accept:
      - application/vnd.ohanapi-v1+json
      User-Agent:
      - Ohanakapa Ruby Gem 1.1.0
      X-Api-Token:
      - Ohana-API-Admin-Test
      Accept-Encoding:
      - gzip;q=1.0,deflate;q=0.6,identity;q=0.3
  response:
    status:
      code: 200
      message: OK
    headers:
      Cache-Control:
      - max-age=0, private, must-revalidate
      Content-Type:
      - application/json; charset=utf-8
      Date:
      - Fri, 27 Jun 2014 05:04:10 GMT
      Link:
      - <http://ohana-api-test.herokuapp.com/api/search?api_token=Ohana-API-Admin-Test&domain=samaritanhouse.com&page=2>;
        rel="last", <http://ohana-api-test.herokuapp.com/api/search?api_token=Ohana-API-Admin-Test&domain=samaritanhouse.com&page=2>;
        rel="next"
      Server:
      - nginx/1.6.0 + Phusion Passenger 4.0.45
      Status:
      - 200 OK
      X-Content-Type-Options:
      - nosniff
      X-Current-Page:
      - '1'
      X-Frame-Options:
      - SAMEORIGIN
      X-Next-Page:
      - '2'
      X-Powered-By:
      - Phusion Passenger 4.0.45
      X-Request-Id:
      - 5382505c-5554-48aa-8bad-20f2fac4c772
      X-Runtime:
      - '0.027191'
      X-Total-Count:
      - '2'
      X-Total-Pages:
      - '2'
      X-Xss-Protection:
      - 1; mode=block
      Transfer-Encoding:
      - chunked
      Connection:
      - keep-alive
    body:
      encoding: UTF-8
      string: '[{"id":18,"admin_emails":[],"coordinates":[-122.207057,37.468678],"description":"Provides
        free medical care to those in need. Offers basic medical exams for adults
        and tuberculosis screening. Assists the individual to access other services
        in the community. By appointment only, Project Smile provides a free dental
        exam, dental cleaning and oral hygiene instruction for children, age 3-12,
        of Samaritan House clients.","latitude":37.468678,"longitude":-122.207057,"name":"Redwood
        City Free Medical Clinic","short_desc":"Provides free medical care to those
        in need.","slug":"redwood-city-free-medical-clinic","updated_at":"2014-06-26T22:02:38.111-07:00","urls":["http://www.samaritanhouse.com"],"contacts_url":"http://ohana-api-test.herokuapp.com/api/locations/redwood-city-free-medical-clinic/contacts","faxes_url":"http://ohana-api-test.herokuapp.com/api/locations/redwood-city-free-medical-clinic/faxes","services_url":"http://ohana-api-test.herokuapp.com/api/locations/redwood-city-free-medical-clinic/services","url":"http://ohana-api-test.herokuapp.com/api/locations/redwood-city-free-medical-clinic","address":{"id":18,"street":"114
        Fifth Avenue","city":"Redwood City","state":"CA","zip":"94063"},"organization":{"id":5,"name":"Samaritan
        House","slug":"samaritan-house","urls":[],"url":"http://ohana-api-test.herokuapp.com/api/organizations/samaritan-house","locations_url":"http://ohana-api-test.herokuapp.com/api/organizations/samaritan-house/locations"},"phones":[{"id":18,"department":null,"extension":null,"number":"650
        839-1447","number_type":null,"vanity_number":null}]}]'
    http_version: 
  recorded_at: Fri, 27 Jun 2014 05:04:10 GMT
recorded_with: VCR 2.9.2
