---
http_interactions:
- request:
    method: get
    uri: http://ohana-api-test.herokuapp.com/api/locations/admin-test-location?api_token=Ohana-API-Admin-Test
    body:
      encoding: US-ASCII
      string: ''
    headers:
      Accept:
      - application/vnd.ohanapi-v1+json
      User-Agent:
      - Ohanakapa Ruby Gem 1.1.0
      X-Api-Token:
      - Ohana-API-Admin-Test
      Accept-Encoding:
      - gzip;q=1.0,deflate;q=0.6,identity;q=0.3
  response:
    status:
      code: 200
      message: OK
    headers:
      Cache-Control:
      - max-age=0, private, must-revalidate
      Content-Type:
      - application/json; charset=utf-8
      Date:
      - Fri, 27 Jun 2014 05:01:25 GMT
      Server:
      - nginx/1.6.0 + Phusion Passenger 4.0.45
      Status:
      - 200 OK
      X-Content-Type-Options:
      - nosniff
      X-Frame-Options:
      - SAMEORIGIN
      X-Powered-By:
      - Phusion Passenger 4.0.45
      X-Request-Id:
      - 4a08e278-e87b-42d7-a189-124d40c549c8
      X-Runtime:
      - '0.034940'
      X-Xss-Protection:
      - 1; mode=block
      Transfer-Encoding:
      - chunked
      Connection:
      - keep-alive
    body:
      encoding: UTF-8
      string: '{"id":21,"accessibility":["Disabled Restroom"],"admin_emails":[],"coordinates":[-73.9395687,42.8142432],"description":"This
        is a descriptions","emails":["moncefbelyamani@samaritanhousesanmateo.org"],"hours":"Monday-Friday
        10am-5pm","languages":[],"latitude":42.8142432,"longitude":-73.9395687,"name":"Admin
        Test Location","short_desc":"This is a short description","slug":"admin-test-location","transportation":"SAMTRANS
        stops within 1/2 mile.","updated_at":"2014-06-26T22:01:25.527-07:00","urls":["http://codeforamerica.org"],"url":"http://ohana-api-test.herokuapp.com/api/locations/admin-test-location","address":{"id":20,"street":"bozo","city":"fairfax","state":"va","zip":"12345"},"contacts":[{"email":"moncefbelyamani@samaritanhousesanmateo.org","extension":null,"fax":"703-555-1234","id":41,"name":"Moncef
        Belyamani-Belyamani","phone":"703-555-1212","title":"Director of Development
        and Operations"}],"faxes":[{"id":35,"number":"2025551212","department":"CalFresh"}],"mail_address":null,"phones":[{"id":36,"department":"CalFresh","extension":"x1223","number":"7035551212","number_type":null,"vanity_number":"703555-ABCD"}],"services":[{"id":21,"audience":null,"description":null,"eligibility":null,"fees":null,"funding_sources":[],"how_to_apply":null,"keywords":[],"name":null,"service_areas":["Atherton"],"short_desc":null,"urls":[],"wait":null,"updated_at":"2014-06-26T22:01:25.521-07:00","categories":[]}],"organization":{"id":7,"name":"Admin
        Test Org","slug":"admin-test-org","urls":[],"url":"http://ohana-api-test.herokuapp.com/api/organizations/admin-test-org","locations_url":"http://ohana-api-test.herokuapp.com/api/organizations/admin-test-org/locations"}}'
    http_version: 
  recorded_at: Fri, 27 Jun 2014 05:01:26 GMT
- request:
    method: put
    uri: http://ohana-api-test.herokuapp.com/api/organizations/7?api_token=Ohana-API-Admin-Test&name=Admin%20Test%20Org
    body:
      encoding: UTF-8
      string: "{}"
    headers:
      Accept:
      - application/vnd.ohanapi-v1+json
      User-Agent:
      - Ohanakapa Ruby Gem 1.1.0
      X-Api-Token:
      - Ohana-API-Admin-Test
      Accept-Encoding:
      - gzip;q=1.0,deflate;q=0.6,identity;q=0.3
  response:
    status:
      code: 200
      message: OK
    headers:
      Cache-Control:
      - max-age=0, private, must-revalidate
      Content-Type:
      - application/json; charset=utf-8
      Date:
      - Fri, 27 Jun 2014 05:01:26 GMT
      Server:
      - nginx/1.6.0 + Phusion Passenger 4.0.45
      Status:
      - 200 OK
      X-Content-Type-Options:
      - nosniff
      X-Frame-Options:
      - SAMEORIGIN
      X-Powered-By:
      - Phusion Passenger 4.0.45
      X-Request-Id:
      - 46529dd4-8dd2-4682-9b8c-3cffec50d84e
      X-Runtime:
      - '0.050023'
      X-Xss-Protection:
      - 1; mode=block
      Content-Length:
      - '155'
      Connection:
      - keep-alive
    body:
      encoding: UTF-8
      string: '{"id":7,"name":"Admin Test Org","slug":"admin-test-org","urls":[],"url":"http://ohana-api-test.herokuapp.com/api/organizations/admin-test-org","locations_url":"http://ohana-api-test.herokuapp.com/api/organizations/admin-test-org/locations"}'
    http_version: 
  recorded_at: Fri, 27 Jun 2014 05:01:26 GMT
- request:
    method: patch
    uri: http://ohana-api-test.herokuapp.com/api/locations/21/address/20?api_token=Ohana-API-Admin-Test&city=fairfax&new&state=va&street=bozo&zip=12345
    body:
      encoding: UTF-8
      string: "{}"
    headers:
      Accept:
      - application/vnd.ohanapi-v1+json
      User-Agent:
      - Ohanakapa Ruby Gem 1.1.0
      X-Api-Token:
      - Ohana-API-Admin-Test
      Accept-Encoding:
      - gzip;q=1.0,deflate;q=0.6,identity;q=0.3
  response:
    status:
      code: 200
      message: OK
    headers:
      Cache-Control:
      - max-age=0, private, must-revalidate
      Content-Type:
      - application/json; charset=utf-8
      Date:
      - Fri, 27 Jun 2014 05:01:26 GMT
      Server:
      - nginx/1.6.0 + Phusion Passenger 4.0.45
      Status:
      - 200 OK
      X-Content-Type-Options:
      - nosniff
      X-Frame-Options:
      - SAMEORIGIN
      X-Powered-By:
      - Phusion Passenger 4.0.45
      X-Request-Id:
      - 9c00146c-08d3-49ee-af1f-7368801ef217
      X-Runtime:
      - '0.023816'
      X-Xss-Protection:
      - 1; mode=block
      Content-Length:
      - '89'
      Connection:
      - keep-alive
    body:
      encoding: UTF-8
      string: '{"id":20,"street":"bozo","city":"fairfax","state":"va","zip":"12345"}'
    http_version: 
  recorded_at: Fri, 27 Jun 2014 05:01:26 GMT
- request:
    method: put
    uri: http://ohana-api-test.herokuapp.com/api/locations/21?accessibility%5B0%5D=elevator&accessibility%5B1%5D=restroom&admin_emails&api_token=Ohana-API-Admin-Test&description=This%20is%20a%20descriptions&emails%5B0%5D=moncefbelyamani@samaritanhousesanmateo.org&hours=Monday-Friday%2010am-5pm&name=Admin%20Test%20Location&short_desc=This%20is%20a%20short%20description&transportation=SAMTRANS%20stops%20within%201/2%20mile.&urls%5B0%5D=http://codeforamerica.org
    body:
      encoding: UTF-8
      string: "{}"
    headers:
      Accept:
      - application/vnd.ohanapi-v1+json
      User-Agent:
      - Ohanakapa Ruby Gem 1.1.0
      X-Api-Token:
      - Ohana-API-Admin-Test
      Accept-Encoding:
      - gzip;q=1.0,deflate;q=0.6,identity;q=0.3
  response:
    status:
      code: 200
      message: OK
    headers:
      Cache-Control:
      - max-age=0, private, must-revalidate
      Content-Type:
      - application/json; charset=utf-8
      Date:
      - Fri, 27 Jun 2014 05:01:27 GMT
      Server:
      - nginx/1.6.0 + Phusion Passenger 4.0.45
      Status:
      - 200 OK
      X-Content-Type-Options:
      - nosniff
      X-Frame-Options:
      - SAMEORIGIN
      X-Powered-By:
      - Phusion Passenger 4.0.45
      X-Request-Id:
      - 37a467d4-bc4a-48ca-8a36-a1e29082a0a7
      X-Runtime:
      - '0.060181'
      X-Xss-Protection:
      - 1; mode=block
      Content-Length:
      - '805'
      Connection:
      - keep-alive
    body:
      encoding: UTF-8
      string: '{"id":21,"accessibility":["Elevator","Disabled Restroom"],"admin_emails":[],"coordinates":[-73.9395687,42.8142432],"description":"This
        is a descriptions","emails":["moncefbelyamani@samaritanhousesanmateo.org"],"hours":"Monday-Friday
        10am-5pm","languages":[],"latitude":42.8142432,"longitude":-73.9395687,"name":"Admin
        Test Location","short_desc":"This is a short description","slug":"admin-test-location","transportation":"SAMTRANS
        stops within 1/2 mile.","updated_at":"2014-06-26T22:01:26.997-07:00","urls":["http://codeforamerica.org"],"url":"http://ohana-api-test.herokuapp.com/api/locations/admin-test-location","address":{"id":20,"street":"bozo","city":"fairfax","state":"va","zip":"12345"},"contacts":[{"email":"moncefbelyamani@samaritanhousesanmateo.org","extension":null,"fax":"703-555-1234","id":41,"name":"Moncef
        Belyamani-Belyamani","phone":"703-555-1212","title":"Director of Development
        and Operations"}],"faxes":[{"id":35,"number":"2025551212","department":"CalFresh"}],"mail_address":null,"phones":[{"id":36,"department":"CalFresh","extension":"x1223","number":"7035551212","number_type":null,"vanity_number":"703555-ABCD"}],"services":[{"id":21,"audience":null,"description":null,"eligibility":null,"fees":null,"funding_sources":[],"how_to_apply":null,"keywords":[],"name":null,"service_areas":["Atherton"],"short_desc":null,"urls":[],"wait":null,"updated_at":"2014-06-26T22:01:25.521-07:00","categories":[]}],"organization":{"id":7,"name":"Admin
        Test Org","slug":"admin-test-org","urls":[],"url":"http://ohana-api-test.herokuapp.com/api/organizations/admin-test-org","locations_url":"http://ohana-api-test.herokuapp.com/api/organizations/admin-test-org/locations"}}'
    http_version: 
  recorded_at: Fri, 27 Jun 2014 05:01:27 GMT
- request:
    method: patch
    uri: http://ohana-api-test.herokuapp.com/api/locations/21/contacts/41?api_token=Ohana-API-Admin-Test&email=moncefbelyamani@samaritanhousesanmateo.org&extension=&fax=703-555-1234&name=Moncef%20Belyamani-Belyamani&phone=703-555-1212&title=Director%20of%20Development%20and%20Operations
    body:
      encoding: UTF-8
      string: "{}"
    headers:
      Accept:
      - application/vnd.ohanapi-v1+json
      User-Agent:
      - Ohanakapa Ruby Gem 1.1.0
      X-Api-Token:
      - Ohana-API-Admin-Test
      Accept-Encoding:
      - gzip;q=1.0,deflate;q=0.6,identity;q=0.3
  response:
    status:
      code: 200
      message: OK
    headers:
      Cache-Control:
      - max-age=0, private, must-revalidate
      Content-Type:
      - application/json; charset=utf-8
      Date:
      - Fri, 27 Jun 2014 05:01:27 GMT
      Server:
      - nginx/1.6.0 + Phusion Passenger 4.0.45
      Status:
      - 200 OK
      X-Content-Type-Options:
      - nosniff
      X-Frame-Options:
      - SAMEORIGIN
      X-Powered-By:
      - Phusion Passenger 4.0.45
      X-Request-Id:
      - 175204c7-1c31-4a79-b4a6-7b9ada6e5c49
      X-Runtime:
      - '0.025418'
      X-Xss-Protection:
      - 1; mode=block
      Transfer-Encoding:
      - chunked
      Connection:
      - keep-alive
    body:
      encoding: UTF-8
      string: '{"email":"moncefbelyamani@samaritanhousesanmateo.org","extension":null,"fax":"703-555-1234","id":41,"name":"Moncef
        Belyamani-Belyamani","phone":"703-555-1212","title":"Director of Development
        and Operations"}'
    http_version: 
  recorded_at: Fri, 27 Jun 2014 05:01:27 GMT
- request:
    method: patch
    uri: http://ohana-api-test.herokuapp.com/api/locations/21/faxes/35?api_token=Ohana-API-Admin-Test&department=CalFresh&number=2025551212
    body:
      encoding: UTF-8
      string: "{}"
    headers:
      Accept:
      - application/vnd.ohanapi-v1+json
      User-Agent:
      - Ohanakapa Ruby Gem 1.1.0
      X-Api-Token:
      - Ohana-API-Admin-Test
      Accept-Encoding:
      - gzip;q=1.0,deflate;q=0.6,identity;q=0.3
  response:
    status:
      code: 200
      message: OK
    headers:
      Cache-Control:
      - max-age=0, private, must-revalidate
      Content-Type:
      - application/json; charset=utf-8
      Date:
      - Fri, 27 Jun 2014 05:01:27 GMT
      Server:
      - nginx/1.6.0 + Phusion Passenger 4.0.45
      Status:
      - 200 OK
      X-Content-Type-Options:
      - nosniff
      X-Frame-Options:
      - SAMEORIGIN
      X-Powered-By:
      - Phusion Passenger 4.0.45
      X-Request-Id:
      - 4128d1b1-65e9-4268-98d8-0c3c9c69566a
      X-Runtime:
      - '0.029786'
      X-Xss-Protection:
      - 1; mode=block
      Content-Length:
      - '80'
      Connection:
      - keep-alive
    body:
      encoding: UTF-8
      string: '{"id":35,"number":"2025551212","department":"CalFresh"}'
    http_version: 
  recorded_at: Fri, 27 Jun 2014 05:01:27 GMT
- request:
    method: patch
    uri: http://ohana-api-test.herokuapp.com/api/locations/21/phones/36?api_token=Ohana-API-Admin-Test&department=CalFresh&extension=x1223&number=7035551212&vanity_number=703555-ABCD
    body:
      encoding: UTF-8
      string: "{}"
    headers:
      Accept:
      - application/vnd.ohanapi-v1+json
      User-Agent:
      - Ohanakapa Ruby Gem 1.1.0
      X-Api-Token:
      - Ohana-API-Admin-Test
      Accept-Encoding:
      - gzip;q=1.0,deflate;q=0.6,identity;q=0.3
  response:
    status:
      code: 200
      message: OK
    headers:
      Cache-Control:
      - max-age=0, private, must-revalidate
      Content-Type:
      - application/json; charset=utf-8
      Date:
      - Fri, 27 Jun 2014 05:01:27 GMT
      Server:
      - nginx/1.6.0 + Phusion Passenger 4.0.45
      Status:
      - 200 OK
      X-Content-Type-Options:
      - nosniff
      X-Frame-Options:
      - SAMEORIGIN
      X-Powered-By:
      - Phusion Passenger 4.0.45
      X-Request-Id:
      - cf6b8ee5-4407-42dd-a4bc-93ff2462f4d2
      X-Runtime:
      - '0.025951'
      X-Xss-Protection:
      - 1; mode=block
      Content-Length:
      - '125'
      Connection:
      - keep-alive
    body:
      encoding: UTF-8
      string: '{"id":36,"department":"CalFresh","extension":"x1223","number":"7035551212","number_type":null,"vanity_number":"703555-ABCD"}'
    http_version: 
  recorded_at: Fri, 27 Jun 2014 05:01:27 GMT
- request:
    method: patch
    uri: http://ohana-api-test.herokuapp.com/api/locations/21/services/21?api_token=Ohana-API-Admin-Test&audience=&eligibility=&fees=&how_to_apply=&keywords&service_areas%5B0%5D=Atherton&wait=
    body:
      encoding: UTF-8
      string: "{}"
    headers:
      Accept:
      - application/vnd.ohanapi-v1+json
      User-Agent:
      - Ohanakapa Ruby Gem 1.1.0
      X-Api-Token:
      - Ohana-API-Admin-Test
      Accept-Encoding:
      - gzip;q=1.0,deflate;q=0.6,identity;q=0.3
  response:
    status:
      code: 200
      message: OK
    headers:
      Cache-Control:
      - max-age=0, private, must-revalidate
      Content-Type:
      - application/json; charset=utf-8
      Date:
      - Fri, 27 Jun 2014 05:01:27 GMT
      Server:
      - nginx/1.6.0 + Phusion Passenger 4.0.45
      Status:
      - 200 OK
      X-Content-Type-Options:
      - nosniff
      X-Frame-Options:
      - SAMEORIGIN
      X-Powered-By:
      - Phusion Passenger 4.0.45
      X-Request-Id:
      - bad69a80-8854-4288-9dfe-95d348c525a2
      X-Runtime:
      - '0.035475'
      X-Xss-Protection:
      - 1; mode=block
      Content-Length:
      - '206'
      Connection:
      - keep-alive
    body:
      encoding: UTF-8
      string: '{"id":21,"audience":null,"description":null,"eligibility":null,"fees":null,"funding_sources":[],"how_to_apply":null,"keywords":[],"name":null,"service_areas":["Atherton"],"short_desc":null,"urls":[],"wait":null,"updated_at":"2014-06-26T22:01:27.288-07:00","categories":[]}'
    http_version: 
  recorded_at: Fri, 27 Jun 2014 05:01:27 GMT
- request:
    method: put
    uri: http://ohana-api-test.herokuapp.com/api/services/21/categories?api_token=Ohana-API-Admin-Test&oe_ids
    body:
      encoding: UTF-8
      string: "{}"
    headers:
      Accept:
      - application/vnd.ohanapi-v1+json
      User-Agent:
      - Ohanakapa Ruby Gem 1.1.0
      X-Api-Token:
      - Ohana-API-Admin-Test
      Accept-Encoding:
      - gzip;q=1.0,deflate;q=0.6,identity;q=0.3
  response:
    status:
      code: 200
      message: OK
    headers:
      Cache-Control:
      - max-age=0, private, must-revalidate
      Content-Type:
      - application/json; charset=utf-8
      Date:
      - Fri, 27 Jun 2014 05:01:27 GMT
      Server:
      - nginx/1.6.0 + Phusion Passenger 4.0.45
      Status:
      - 200 OK
      X-Content-Type-Options:
      - nosniff
      X-Frame-Options:
      - SAMEORIGIN
      X-Powered-By:
      - Phusion Passenger 4.0.45
      X-Request-Id:
      - ff2a6f9d-37d0-49b1-932b-c09043e9cbee
      X-Runtime:
      - '0.040821'
      X-Xss-Protection:
      - 1; mode=block
      Content-Length:
      - '200'
      Connection:
      - keep-alive
    body:
      encoding: UTF-8
      string: '{"id":21,"audience":null,"description":null,"eligibility":null,"fees":null,"funding_sources":[],"how_to_apply":null,"keywords":[],"name":null,"service_areas":["Atherton"],"short_desc":null,"urls":[],"wait":null,"updated_at":"2014-06-26T22:01:27.370-07:00","categories":[]}'
    http_version: 
  recorded_at: Fri, 27 Jun 2014 05:01:27 GMT
- request:
    method: get
    uri: http://ohana-api-test.herokuapp.com/api/locations/admin-test-location?api_token=Ohana-API-Admin-Test
    body:
      encoding: US-ASCII
      string: ''
    headers:
      Accept:
      - application/vnd.ohanapi-v1+json
      User-Agent:
      - Ohanakapa Ruby Gem 1.1.0
      X-Api-Token:
      - Ohana-API-Admin-Test
      Accept-Encoding:
      - gzip;q=1.0,deflate;q=0.6,identity;q=0.3
  response:
    status:
      code: 200
      message: OK
    headers:
      Cache-Control:
      - max-age=0, private, must-revalidate
      Content-Type:
      - application/json; charset=utf-8
      Date:
      - Fri, 27 Jun 2014 05:01:27 GMT
      Server:
      - nginx/1.6.0 + Phusion Passenger 4.0.45
      Status:
      - 200 OK
      X-Content-Type-Options:
      - nosniff
      X-Frame-Options:
      - SAMEORIGIN
      X-Powered-By:
      - Phusion Passenger 4.0.45
      X-Request-Id:
      - 229a3294-38ac-4ad3-b205-f0d587088c00
      X-Runtime:
      - '0.037310'
      X-Xss-Protection:
      - 1; mode=block
      Content-Length:
      - '801'
      Connection:
      - keep-alive
    body:
      encoding: UTF-8
      string: '{"id":21,"accessibility":["Elevator","Disabled Restroom"],"admin_emails":[],"coordinates":[-73.9395687,42.8142432],"description":"This
        is a descriptions","emails":["moncefbelyamani@samaritanhousesanmateo.org"],"hours":"Monday-Friday
        10am-5pm","languages":[],"latitude":42.8142432,"longitude":-73.9395687,"name":"Admin
        Test Location","short_desc":"This is a short description","slug":"admin-test-location","transportation":"SAMTRANS
        stops within 1/2 mile.","updated_at":"2014-06-26T22:01:27.376-07:00","urls":["http://codeforamerica.org"],"url":"http://ohana-api-test.herokuapp.com/api/locations/admin-test-location","address":{"id":20,"street":"bozo","city":"fairfax","state":"va","zip":"12345"},"contacts":[{"email":"moncefbelyamani@samaritanhousesanmateo.org","extension":null,"fax":"703-555-1234","id":41,"name":"Moncef
        Belyamani-Belyamani","phone":"703-555-1212","title":"Director of Development
        and Operations"}],"faxes":[{"id":35,"number":"2025551212","department":"CalFresh"}],"mail_address":null,"phones":[{"id":36,"department":"CalFresh","extension":"x1223","number":"7035551212","number_type":null,"vanity_number":"703555-ABCD"}],"services":[{"id":21,"audience":null,"description":null,"eligibility":null,"fees":null,"funding_sources":[],"how_to_apply":null,"keywords":[],"name":null,"service_areas":["Atherton"],"short_desc":null,"urls":[],"wait":null,"updated_at":"2014-06-26T22:01:27.370-07:00","categories":[]}],"organization":{"id":7,"name":"Admin
        Test Org","slug":"admin-test-org","urls":[],"url":"http://ohana-api-test.herokuapp.com/api/organizations/admin-test-org","locations_url":"http://ohana-api-test.herokuapp.com/api/organizations/admin-test-org/locations"}}'
    http_version: 
  recorded_at: Fri, 27 Jun 2014 05:01:27 GMT
recorded_with: VCR 2.9.2
