---
http_interactions:
- request:
    method: get
    uri: http://ohana-api-test.herokuapp.com/api/locations/admin-test-location?api_token=Ohana-API-Admin-Test
    body:
      encoding: US-ASCII
      string: ''
    headers:
      Accept:
      - application/vnd.ohanapi-v1+json
      User-Agent:
      - Ohanakapa Ruby Gem 1.1.0
      X-Api-Token:
      - Ohana-API-Admin-Test
      Accept-Encoding:
      - gzip;q=1.0,deflate;q=0.6,identity;q=0.3
  response:
    status:
      code: 200
      message: OK
    headers:
      Cache-Control:
      - max-age=0, private, must-revalidate
      Content-Type:
      - application/json; charset=utf-8
      Date:
      - Fri, 27 Jun 2014 05:03:54 GMT
      Server:
      - nginx/1.6.0 + Phusion Passenger 4.0.45
      Status:
      - 200 OK
      X-Content-Type-Options:
      - nosniff
      X-Frame-Options:
      - SAMEORIGIN
      X-Powered-By:
      - Phusion Passenger 4.0.45
      X-Request-Id:
      - 289bbd15-b399-48ec-865e-54a66c372d1d
      X-Runtime:
      - '0.042262'
      X-Xss-Protection:
      - 1; mode=block
      Content-Length:
      - '782'
      Connection:
      - keep-alive
    body:
      encoding: UTF-8
      string: '{"id":21,"accessibility":["Disabled Restroom"],"admin_emails":[],"coordinates":[-73.9395687,42.8142432],"description":"This
        is a description","emails":["moncefbelyamani@samaritanhousesanmateo.org"],"hours":"Monday-Friday
        10am-5pm","languages":[],"latitude":42.8142432,"longitude":-73.9395687,"name":"Admin
        Test Location","short_desc":"This is a short description","slug":"admin-test-location","transportation":"SAMTRANS
        stops within 1/2 mile.","updated_at":"2014-06-26T22:03:51.026-07:00","urls":["http://codeforamerica.org"],"url":"http://ohana-api-test.herokuapp.com/api/locations/admin-test-location","address":{"id":20,"street":"bozo","city":"fairfax","state":"va","zip":"12345"},"contacts":[{"email":null,"extension":null,"fax":null,"id":41,"name":"Moncef
        Belyamani-Belyamani","phone":null,"title":"Director of Development and Operations"}],"faxes":[{"id":35,"number":"7035551212","department":"CalFresh"}],"mail_address":null,"phones":[{"id":36,"department":"CalFresh","extension":"x1223","number":"7035551212","number_type":null,"vanity_number":"703555-ABCD"}],"services":[{"id":21,"audience":null,"description":null,"eligibility":null,"fees":null,"funding_sources":[],"how_to_apply":null,"keywords":[],"name":null,"service_areas":["Atherton"],"short_desc":null,"urls":[],"wait":null,"updated_at":"2014-06-26T22:03:51.020-07:00","categories":[]}],"organization":{"id":7,"name":"Admin
        Test Org","slug":"admin-test-org","urls":[],"url":"http://ohana-api-test.herokuapp.com/api/organizations/admin-test-org","locations_url":"http://ohana-api-test.herokuapp.com/api/organizations/admin-test-org/locations"}}'
    http_version: 
  recorded_at: Fri, 27 Jun 2014 05:03:54 GMT
- request:
    method: put
    uri: http://ohana-api-test.herokuapp.com/api/organizations/7?api_token=Ohana-API-Admin-Test&name=Admin%20Test%20Org
    body:
      encoding: UTF-8
      string: "{}"
    headers:
      Accept:
      - application/vnd.ohanapi-v1+json
      User-Agent:
      - Ohanakapa Ruby Gem 1.1.0
      X-Api-Token:
      - Ohana-API-Admin-Test
      Accept-Encoding:
      - gzip;q=1.0,deflate;q=0.6,identity;q=0.3
  response:
    status:
      code: 200
      message: OK
    headers:
      Cache-Control:
      - max-age=0, private, must-revalidate
      Content-Type:
      - application/json; charset=utf-8
      Date:
      - Fri, 27 Jun 2014 05:03:54 GMT
      Server:
      - nginx/1.6.0 + Phusion Passenger 4.0.45
      Status:
      - 200 OK
      X-Content-Type-Options:
      - nosniff
      X-Frame-Options:
      - SAMEORIGIN
      X-Powered-By:
      - Phusion Passenger 4.0.45
      X-Request-Id:
      - a991885f-b4ad-40b1-b5e2-bedae4153543
      X-Runtime:
      - '0.035178'
      X-Xss-Protection:
      - 1; mode=block
      Content-Length:
      - '155'
      Connection:
      - keep-alive
    body:
      encoding: UTF-8
      string: '{"id":7,"name":"Admin Test Org","slug":"admin-test-org","urls":[],"url":"http://ohana-api-test.herokuapp.com/api/organizations/admin-test-org","locations_url":"http://ohana-api-test.herokuapp.com/api/organizations/admin-test-org/locations"}'
    http_version: 
  recorded_at: Fri, 27 Jun 2014 05:03:54 GMT
- request:
    method: patch
    uri: http://ohana-api-test.herokuapp.com/api/locations/21/address/20?api_token=Ohana-API-Admin-Test&city=fairfax&new&state=va&street=bozo&zip=12345
    body:
      encoding: UTF-8
      string: "{}"
    headers:
      Accept:
      - application/vnd.ohanapi-v1+json
      User-Agent:
      - Ohanakapa Ruby Gem 1.1.0
      X-Api-Token:
      - Ohana-API-Admin-Test
      Accept-Encoding:
      - gzip;q=1.0,deflate;q=0.6,identity;q=0.3
  response:
    status:
      code: 200
      message: OK
    headers:
      Cache-Control:
      - max-age=0, private, must-revalidate
      Content-Type:
      - application/json; charset=utf-8
      Date:
      - Fri, 27 Jun 2014 05:03:54 GMT
      Server:
      - nginx/1.6.0 + Phusion Passenger 4.0.45
      Status:
      - 200 OK
      X-Content-Type-Options:
      - nosniff
      X-Frame-Options:
      - SAMEORIGIN
      X-Powered-By:
      - Phusion Passenger 4.0.45
      X-Request-Id:
      - 0972773a-b0e8-487a-b889-86ff9c8a2950
      X-Runtime:
      - '0.027245'
      X-Xss-Protection:
      - 1; mode=block
      Content-Length:
      - '89'
      Connection:
      - keep-alive
    body:
      encoding: UTF-8
      string: '{"id":20,"street":"bozo","city":"fairfax","state":"va","zip":"12345"}'
    http_version: 
  recorded_at: Fri, 27 Jun 2014 05:03:54 GMT
- request:
    method: put
    uri: http://ohana-api-test.herokuapp.com/api/locations/21?accessibility%5B0%5D=restroom&admin_emails&api_token=Ohana-API-Admin-Test&description=This%20is%20a%20description&emails%5B0%5D=example.org&hours=Monday-Friday%2010am-5pm&name=Admin%20Test%20Location&short_desc=This%20is%20a%20short%20description&transportation=SAMTRANS%20stops%20within%201/2%20mile.&urls%5B0%5D=http://codeforamerica.org
    body:
      encoding: UTF-8
      string: "{}"
    headers:
      Accept:
      - application/vnd.ohanapi-v1+json
      User-Agent:
      - Ohanakapa Ruby Gem 1.1.0
      X-Api-Token:
      - Ohana-API-Admin-Test
      Accept-Encoding:
      - gzip;q=1.0,deflate;q=0.6,identity;q=0.3
  response:
    status:
      code: 422
      message: Unprocessable Entity
    headers:
      Cache-Control:
      - no-cache
      Content-Type:
      - application/json; charset=utf-8
      Date:
      - Fri, 27 Jun 2014 05:03:54 GMT
      Server:
      - nginx/1.6.0 + Phusion Passenger 4.0.45
      Status:
      - 422 Unprocessable Entity
      X-Content-Type-Options:
      - nosniff
      X-Frame-Options:
      - SAMEORIGIN
      X-Powered-By:
      - Phusion Passenger 4.0.45
      X-Request-Id:
      - 793a1ad8-b179-4601-8a5d-aa270dcb3c73
      X-Runtime:
      - '0.030773'
      X-Xss-Protection:
      - 1; mode=block
      Content-Length:
      - '117'
      Connection:
      - keep-alive
    body:
      encoding: UTF-8
      string: '{"status":422,"message":"Validation failed for resource.","errors":[{"emails":["example.org
        is not a valid email"]}]}'
    http_version: 
  recorded_at: Fri, 27 Jun 2014 05:03:54 GMT
- request:
    method: get
    uri: http://ohana-api-test.herokuapp.com/api/locations/admin-test-location?api_token=Ohana-API-Admin-Test
    body:
      encoding: US-ASCII
      string: ''
    headers:
      Accept:
      - application/vnd.ohanapi-v1+json
      User-Agent:
      - Ohanakapa Ruby Gem 1.1.0
      X-Api-Token:
      - Ohana-API-Admin-Test
      Accept-Encoding:
      - gzip;q=1.0,deflate;q=0.6,identity;q=0.3
  response:
    status:
      code: 200
      message: OK
    headers:
      Cache-Control:
      - max-age=0, private, must-revalidate
      Content-Type:
      - application/json; charset=utf-8
      Date:
      - Fri, 27 Jun 2014 05:03:54 GMT
      Server:
      - nginx/1.6.0 + Phusion Passenger 4.0.45
      Status:
      - 200 OK
      X-Content-Type-Options:
      - nosniff
      X-Frame-Options:
      - SAMEORIGIN
      X-Powered-By:
      - Phusion Passenger 4.0.45
      X-Request-Id:
      - e5be539b-5058-471a-9a2c-0df8da00cf0c
      X-Runtime:
      - '0.077859'
      X-Xss-Protection:
      - 1; mode=block
      Content-Length:
      - '786'
      Connection:
      - keep-alive
    body:
      encoding: UTF-8
      string: '{"id":21,"accessibility":["Disabled Restroom"],"admin_emails":[],"coordinates":[-73.9395687,42.8142432],"description":"This
        is a description","emails":["moncefbelyamani@samaritanhousesanmateo.org"],"hours":"Monday-Friday
        10am-5pm","languages":[],"latitude":42.8142432,"longitude":-73.9395687,"name":"Admin
        Test Location","short_desc":"This is a short description","slug":"admin-test-location","transportation":"SAMTRANS
        stops within 1/2 mile.","updated_at":"2014-06-26T22:03:54.359-07:00","urls":["http://codeforamerica.org"],"url":"http://ohana-api-test.herokuapp.com/api/locations/admin-test-location","address":{"id":20,"street":"bozo","city":"fairfax","state":"va","zip":"12345"},"contacts":[{"email":null,"extension":null,"fax":null,"id":41,"name":"Moncef
        Belyamani-Belyamani","phone":null,"title":"Director of Development and Operations"}],"faxes":[{"id":35,"number":"7035551212","department":"CalFresh"}],"mail_address":null,"phones":[{"id":36,"department":"CalFresh","extension":"x1223","number":"7035551212","number_type":null,"vanity_number":"703555-ABCD"}],"services":[{"id":21,"audience":null,"description":null,"eligibility":null,"fees":null,"funding_sources":[],"how_to_apply":null,"keywords":[],"name":null,"service_areas":["Atherton"],"short_desc":null,"urls":[],"wait":null,"updated_at":"2014-06-26T22:03:51.020-07:00","categories":[]}],"organization":{"id":7,"name":"Admin
        Test Org","slug":"admin-test-org","urls":[],"url":"http://ohana-api-test.herokuapp.com/api/organizations/admin-test-org","locations_url":"http://ohana-api-test.herokuapp.com/api/organizations/admin-test-org/locations"}}'
    http_version: 
  recorded_at: Fri, 27 Jun 2014 05:03:54 GMT
recorded_with: VCR 2.9.2
