---
http_interactions:
- request:
    method: get
    uri: http://ohana-api-test.herokuapp.com/api/locations/admin-test-location?api_token=Ohana-API-Admin-Test
    body:
      encoding: US-ASCII
      string: ''
    headers:
      Accept:
      - application/vnd.ohanapi-v1+json
      User-Agent:
      - Ohanakapa Ruby Gem 1.1.1
      X-Api-Token:
      - Ohana-API-Admin-Test
      Accept-Encoding:
      - gzip;q=1.0,deflate;q=0.6,identity;q=0.3
  response:
    status:
      code: 200
      message: OK
    headers:
      Cache-Control:
      - max-age=0, private, must-revalidate
      Content-Type:
      - application/json; charset=utf-8
      Date:
      - Tue, 15 Jul 2014 19:55:56 GMT
      Server:
      - nginx/1.6.0 + Phusion Passenger 4.0.45
      Status:
      - 200 OK
      X-Content-Type-Options:
      - nosniff
      X-Frame-Options:
      - SAMEORIGIN
      X-Powered-By:
      - Phusion Passenger 4.0.45
      X-Request-Id:
      - 5f2db061-97ee-42a9-be78-ddf30a2399d6
      X-Runtime:
      - '0.038984'
      X-Xss-Protection:
      - 1; mode=block
      Content-Length:
      - '818'
      Connection:
      - keep-alive
    body:
      encoding: UTF-8
      string: '{"id":21,"accessibility":["Disabled Restroom"],"admin_emails":["ohana@gmail.com"],"coordinates":[-73.9395687,42.8142432],"description":"This
        is a description","emails":["moncefbelyamani@samaritanhousesanmateo.org"],"hours":"Monday-Friday
        10am-5pm","languages":[],"latitude":42.8142432,"longitude":-73.9395687,"name":"Admin
        Test Location","short_desc":"This is a short description","slug":"admin-test-location","transportation":"SAMTRANS
        stops within 1/2 mile.","updated_at":"2014-07-15T12:55:54.941-07:00","urls":["http://codeforamerica.org"],"url":"http://ohana-api-test.herokuapp.com/api/locations/admin-test-location","address":{"id":20,"street":"bozo","city":"fairfax","state":"va","zip":"12345"},"contacts":[{"email":null,"extension":null,"fax":"703-555-1234","id":46,"name":"Moncef
        Belyamani-Belyamani","phone":null,"title":"Director of Development and Operations"}],"faxes":[{"id":41,"number":"2025551212","department":"CalFresh"}],"mail_address":null,"phones":[{"id":46,"department":"CalFresh","extension":"x1223","number":"7035551212","number_type":null,"vanity_number":"703555-ABCD"}],"services":[{"id":21,"audience":null,"description":"Description
        for Admin Test Service #1.","eligibility":null,"fees":null,"funding_sources":[],"how_to_apply":null,"keywords":[],"name":"Admin
        Test Service #1","service_areas":["Atherton"],"short_desc":null,"urls":[],"wait":null,"updated_at":"2014-07-15T12:55:54.937-07:00","categories":[]}],"organization":{"id":7,"name":"Admin
        Test Org","slug":"admin-test-org","urls":[],"url":"http://ohana-api-test.herokuapp.com/api/organizations/admin-test-org","locations_url":"http://ohana-api-test.herokuapp.com/api/organizations/admin-test-org/locations"}}'
    http_version: 
  recorded_at: Tue, 15 Jul 2014 19:55:55 GMT
- request:
    method: put
    uri: http://ohana-api-test.herokuapp.com/api/organizations/7?api_token=Ohana-API-Admin-Test&name=Admin%20Test%20Org
    body:
      encoding: UTF-8
      string: "{}"
    headers:
      Accept:
      - application/vnd.ohanapi-v1+json
      User-Agent:
      - Ohanakapa Ruby Gem 1.1.1
      X-Api-Token:
      - Ohana-API-Admin-Test
      Accept-Encoding:
      - gzip;q=1.0,deflate;q=0.6,identity;q=0.3
  response:
    status:
      code: 200
      message: OK
    headers:
      Cache-Control:
      - max-age=0, private, must-revalidate
      Content-Type:
      - application/json; charset=utf-8
      Date:
      - Tue, 15 Jul 2014 19:55:56 GMT
      Server:
      - nginx/1.6.0 + Phusion Passenger 4.0.45
      Status:
      - 200 OK
      X-Content-Type-Options:
      - nosniff
      X-Frame-Options:
      - SAMEORIGIN
      X-Powered-By:
      - Phusion Passenger 4.0.45
      X-Request-Id:
      - c75da84c-643d-4284-8957-402bc577e837
      X-Runtime:
      - '0.050841'
      X-Xss-Protection:
      - 1; mode=block
      Content-Length:
      - '155'
      Connection:
      - keep-alive
    body:
      encoding: UTF-8
      string: '{"id":7,"name":"Admin Test Org","slug":"admin-test-org","urls":[],"url":"http://ohana-api-test.herokuapp.com/api/organizations/admin-test-org","locations_url":"http://ohana-api-test.herokuapp.com/api/organizations/admin-test-org/locations"}'
    http_version: 
  recorded_at: Tue, 15 Jul 2014 19:55:56 GMT
- request:
    method: patch
    uri: http://ohana-api-test.herokuapp.com/api/locations/21/address/20?api_token=Ohana-API-Admin-Test&city=fairfax&new&state=va&street=bozo&zip=12345
    body:
      encoding: UTF-8
      string: "{}"
    headers:
      Accept:
      - application/vnd.ohanapi-v1+json
      User-Agent:
      - Ohanakapa Ruby Gem 1.1.1
      X-Api-Token:
      - Ohana-API-Admin-Test
      Accept-Encoding:
      - gzip;q=1.0,deflate;q=0.6,identity;q=0.3
  response:
    status:
      code: 200
      message: OK
    headers:
      Cache-Control:
      - max-age=0, private, must-revalidate
      Content-Type:
      - application/json; charset=utf-8
      Date:
      - Tue, 15 Jul 2014 19:55:56 GMT
      Server:
      - nginx/1.6.0 + Phusion Passenger 4.0.45
      Status:
      - 200 OK
      X-Content-Type-Options:
      - nosniff
      X-Frame-Options:
      - SAMEORIGIN
      X-Powered-By:
      - Phusion Passenger 4.0.45
      X-Request-Id:
      - 76ad4919-3cba-4714-87cf-1c8542e330e3
      X-Runtime:
      - '0.028158'
      X-Xss-Protection:
      - 1; mode=block
      Content-Length:
      - '89'
      Connection:
      - keep-alive
    body:
      encoding: UTF-8
      string: '{"id":20,"street":"bozo","city":"fairfax","state":"va","zip":"12345"}'
    http_version: 
  recorded_at: Tue, 15 Jul 2014 19:55:56 GMT
- request:
    method: put
    uri: http://ohana-api-test.herokuapp.com/api/locations/21?accessibility%5B0%5D=restroom&admin_emails%5B0%5D=ohana@gmail.com&api_token=Ohana-API-Admin-Test&description=This%20is%20a%20description&emails%5B0%5D=moncefbelyamani@samaritanhousesanmateo.org&hours=Monday-Friday%2010am-5pm&name=Admin%20Test%20Location&short_desc=This%20is%20a%20short%20description&transportation=SAMTRANS%20stops%20within%201/2%20mile.&urls%5B0%5D=http://codeforamerica.org
    body:
      encoding: UTF-8
      string: "{}"
    headers:
      Accept:
      - application/vnd.ohanapi-v1+json
      User-Agent:
      - Ohanakapa Ruby Gem 1.1.1
      X-Api-Token:
      - Ohana-API-Admin-Test
      Accept-Encoding:
      - gzip;q=1.0,deflate;q=0.6,identity;q=0.3
  response:
    status:
      code: 200
      message: OK
    headers:
      Cache-Control:
      - max-age=0, private, must-revalidate
      Content-Type:
      - application/json; charset=utf-8
      Date:
      - Tue, 15 Jul 2014 19:55:56 GMT
      Server:
      - nginx/1.6.0 + Phusion Passenger 4.0.45
      Status:
      - 200 OK
      X-Content-Type-Options:
      - nosniff
      X-Frame-Options:
      - SAMEORIGIN
      X-Powered-By:
      - Phusion Passenger 4.0.45
      X-Request-Id:
      - 1a584f37-4c24-4e03-88db-b2a348ebd8aa
      X-Runtime:
      - '0.064771'
      X-Xss-Protection:
      - 1; mode=block
      Content-Length:
      - '820'
      Connection:
      - keep-alive
    body:
      encoding: UTF-8
      string: '{"id":21,"accessibility":["Disabled Restroom"],"admin_emails":["ohana@gmail.com"],"coordinates":[-73.9395687,42.8142432],"description":"This
        is a description","emails":["moncefbelyamani@samaritanhousesanmateo.org"],"hours":"Monday-Friday
        10am-5pm","languages":[],"latitude":42.8142432,"longitude":-73.9395687,"name":"Admin
        Test Location","short_desc":"This is a short description","slug":"admin-test-location","transportation":"SAMTRANS
        stops within 1/2 mile.","updated_at":"2014-07-15T12:55:56.553-07:00","urls":["http://codeforamerica.org"],"url":"http://ohana-api-test.herokuapp.com/api/locations/admin-test-location","address":{"id":20,"street":"bozo","city":"fairfax","state":"va","zip":"12345"},"contacts":[{"email":null,"extension":null,"fax":"703-555-1234","id":46,"name":"Moncef
        Belyamani-Belyamani","phone":null,"title":"Director of Development and Operations"}],"faxes":[{"id":41,"number":"2025551212","department":"CalFresh"}],"mail_address":null,"phones":[{"id":46,"department":"CalFresh","extension":"x1223","number":"7035551212","number_type":null,"vanity_number":"703555-ABCD"}],"services":[{"id":21,"audience":null,"description":"Description
        for Admin Test Service #1.","eligibility":null,"fees":null,"funding_sources":[],"how_to_apply":null,"keywords":[],"name":"Admin
        Test Service #1","service_areas":["Atherton"],"short_desc":null,"urls":[],"wait":null,"updated_at":"2014-07-15T12:55:54.937-07:00","categories":[]}],"organization":{"id":7,"name":"Admin
        Test Org","slug":"admin-test-org","urls":[],"url":"http://ohana-api-test.herokuapp.com/api/organizations/admin-test-org","locations_url":"http://ohana-api-test.herokuapp.com/api/organizations/admin-test-org/locations"}}'
    http_version: 
  recorded_at: Tue, 15 Jul 2014 19:55:56 GMT
- request:
    method: patch
    uri: http://ohana-api-test.herokuapp.com/api/locations/21/contacts/46?api_token=Ohana-API-Admin-Test&email=&extension=&fax=703-555-1234&name=Moncef%20Belyamani-Belyamani&phone=&title=
    body:
      encoding: UTF-8
      string: "{}"
    headers:
      Accept:
      - application/vnd.ohanapi-v1+json
      User-Agent:
      - Ohanakapa Ruby Gem 1.1.1
      X-Api-Token:
      - Ohana-API-Admin-Test
      Accept-Encoding:
      - gzip;q=1.0,deflate;q=0.6,identity;q=0.3
  response:
    status:
      code: 422
      message: Unprocessable Entity
    headers:
      Cache-Control:
      - no-cache
      Content-Type:
      - application/json; charset=utf-8
      Date:
      - Tue, 15 Jul 2014 19:55:56 GMT
      Server:
      - nginx/1.6.0 + Phusion Passenger 4.0.45
      Status:
      - 422 Unprocessable Entity
      X-Content-Type-Options:
      - nosniff
      X-Frame-Options:
      - SAMEORIGIN
      X-Powered-By:
      - Phusion Passenger 4.0.45
      X-Request-Id:
      - 5bcbd0e9-b6af-4cf3-a902-f2b1e34dbead
      X-Runtime:
      - '0.020208'
      X-Xss-Protection:
      - 1; mode=block
      Content-Length:
      - '110'
      Connection:
      - keep-alive
    body:
      encoding: UTF-8
      string: '{"status":422,"message":"Validation failed for resource.","errors":[{"title":["can''t
        be blank for Contact"]}]}'
    http_version: 
  recorded_at: Tue, 15 Jul 2014 19:55:56 GMT
- request:
    method: get
    uri: http://ohana-api-test.herokuapp.com/api/locations/admin-test-location?api_token=Ohana-API-Admin-Test
    body:
      encoding: US-ASCII
      string: ''
    headers:
      Accept:
      - application/vnd.ohanapi-v1+json
      User-Agent:
      - Ohanakapa Ruby Gem 1.1.1
      X-Api-Token:
      - Ohana-API-Admin-Test
      Accept-Encoding:
      - gzip;q=1.0,deflate;q=0.6,identity;q=0.3
  response:
    status:
      code: 200
      message: OK
    headers:
      Cache-Control:
      - max-age=0, private, must-revalidate
      Content-Type:
      - application/json; charset=utf-8
      Date:
      - Tue, 15 Jul 2014 19:55:56 GMT
      Server:
      - nginx/1.6.0 + Phusion Passenger 4.0.45
      Status:
      - 200 OK
      X-Content-Type-Options:
      - nosniff
      X-Frame-Options:
      - SAMEORIGIN
      X-Powered-By:
      - Phusion Passenger 4.0.45
      X-Request-Id:
      - dbfad38e-8e7a-4a1b-9e8c-1655b567fa78
      X-Runtime:
      - '0.037826'
      X-Xss-Protection:
      - 1; mode=block
      Content-Length:
      - '820'
      Connection:
      - keep-alive
    body:
      encoding: UTF-8
      string: '{"id":21,"accessibility":["Disabled Restroom"],"admin_emails":["ohana@gmail.com"],"coordinates":[-73.9395687,42.8142432],"description":"This
        is a description","emails":["moncefbelyamani@samaritanhousesanmateo.org"],"hours":"Monday-Friday
        10am-5pm","languages":[],"latitude":42.8142432,"longitude":-73.9395687,"name":"Admin
        Test Location","short_desc":"This is a short description","slug":"admin-test-location","transportation":"SAMTRANS
        stops within 1/2 mile.","updated_at":"2014-07-15T12:55:56.553-07:00","urls":["http://codeforamerica.org"],"url":"http://ohana-api-test.herokuapp.com/api/locations/admin-test-location","address":{"id":20,"street":"bozo","city":"fairfax","state":"va","zip":"12345"},"contacts":[{"email":null,"extension":null,"fax":"703-555-1234","id":46,"name":"Moncef
        Belyamani-Belyamani","phone":null,"title":"Director of Development and Operations"}],"faxes":[{"id":41,"number":"2025551212","department":"CalFresh"}],"mail_address":null,"phones":[{"id":46,"department":"CalFresh","extension":"x1223","number":"7035551212","number_type":null,"vanity_number":"703555-ABCD"}],"services":[{"id":21,"audience":null,"description":"Description
        for Admin Test Service #1.","eligibility":null,"fees":null,"funding_sources":[],"how_to_apply":null,"keywords":[],"name":"Admin
        Test Service #1","service_areas":["Atherton"],"short_desc":null,"urls":[],"wait":null,"updated_at":"2014-07-15T12:55:54.937-07:00","categories":[]}],"organization":{"id":7,"name":"Admin
        Test Org","slug":"admin-test-org","urls":[],"url":"http://ohana-api-test.herokuapp.com/api/organizations/admin-test-org","locations_url":"http://ohana-api-test.herokuapp.com/api/organizations/admin-test-org/locations"}}'
    http_version: 
  recorded_at: Tue, 15 Jul 2014 19:55:56 GMT
recorded_with: VCR 2.9.2
