---
http_interactions:
- request:
    method: get
    uri: http://ohana-api-test.herokuapp.com/api/locations/admin-test-location?api_token=Ohana-API-Admin-Test
    body:
      encoding: US-ASCII
      string: ''
    headers:
      Accept:
      - application/vnd.ohanapi-v1+json
      User-Agent:
      - Ohanakapa Ruby Gem 1.1.1
      X-Api-Token:
      - Ohana-API-Admin-Test
      Accept-Encoding:
      - gzip;q=1.0,deflate;q=0.6,identity;q=0.3
  response:
    status:
      code: 200
      message: OK
    headers:
      Cache-Control:
      - max-age=0, private, must-revalidate
      Content-Type:
      - application/json; charset=utf-8
      Date:
      - Tue, 15 Jul 2014 19:52:16 GMT
      Server:
      - nginx/1.6.0 + Phusion Passenger 4.0.45
      Status:
      - 200 OK
      X-Content-Type-Options:
      - nosniff
      X-Frame-Options:
      - SAMEORIGIN
      X-Powered-By:
      - Phusion Passenger 4.0.45
      X-Request-Id:
      - 62d0520a-40e4-4cb2-8aa7-67dc6491cb00
      X-Runtime:
      - '0.039688'
      X-Xss-Protection:
      - 1; mode=block
      Content-Length:
      - '823'
      Connection:
      - keep-alive
    body:
      encoding: UTF-8
      string: '{"id":21,"accessibility":["Disabled Restroom"],"admin_emails":["ohana@gmail.com"],"coordinates":[-73.9395687,42.8142432],"description":"This
        is a description","emails":["moncefbelyamani@samaritanhousesanmateo.org"],"hours":"Monday-Friday
        10am-5pm","languages":[],"latitude":42.8142432,"longitude":-73.9395687,"name":"Admin
        Test Location","short_desc":"This is a short description","slug":"admin-test-location","transportation":"SAMTRANS
        stops within 1/2 mile.","updated_at":"2014-07-15T12:52:15.808-07:00","urls":["http://codeforamerica.org"],"url":"http://ohana-api-test.herokuapp.com/api/locations/admin-test-location","address":{"id":20,"street":"bozo","city":"fairfax","state":"va","zip":"12345"},"contacts":[{"email":"moncefbelyamani@samaritanhousesanmateo.org","extension":null,"fax":"703-555-1234","id":46,"name":"Moncef
        Belyamani-Belyamani","phone":"703-555-1212","title":"Director of Development
        and Operations"}],"faxes":[{"id":41,"number":"2025551212","department":"CalFresh"}],"mail_address":null,"phones":[{"id":41,"department":"CalFresh","extension":"x1223","number":"7035551212","number_type":null,"vanity_number":"703555-ABCD"}],"services":[{"id":21,"audience":null,"description":"Description
        for Admin Test Service #1.","eligibility":null,"fees":null,"funding_sources":[],"how_to_apply":null,"keywords":[],"name":"Admin
        Test Service #1","service_areas":["Atherton"],"short_desc":null,"urls":[],"wait":null,"updated_at":"2014-07-15T12:52:15.804-07:00","categories":[]}],"organization":{"id":7,"name":"Admin
        Test Org","slug":"admin-test-org","urls":[],"url":"http://ohana-api-test.herokuapp.com/api/organizations/admin-test-org","locations_url":"http://ohana-api-test.herokuapp.com/api/organizations/admin-test-org/locations"}}'
    http_version: 
  recorded_at: Tue, 15 Jul 2014 19:52:16 GMT
- request:
    method: put
    uri: http://ohana-api-test.herokuapp.com/api/organizations/7?api_token=Ohana-API-Admin-Test&name=Admin%20Test%20Org
    body:
      encoding: UTF-8
      string: "{}"
    headers:
      Accept:
      - application/vnd.ohanapi-v1+json
      User-Agent:
      - Ohanakapa Ruby Gem 1.1.1
      X-Api-Token:
      - Ohana-API-Admin-Test
      Accept-Encoding:
      - gzip;q=1.0,deflate;q=0.6,identity;q=0.3
  response:
    status:
      code: 200
      message: OK
    headers:
      Cache-Control:
      - max-age=0, private, must-revalidate
      Content-Type:
      - application/json; charset=utf-8
      Date:
      - Tue, 15 Jul 2014 19:52:17 GMT
      Server:
      - nginx/1.6.0 + Phusion Passenger 4.0.45
      Status:
      - 200 OK
      X-Content-Type-Options:
      - nosniff
      X-Frame-Options:
      - SAMEORIGIN
      X-Powered-By:
      - Phusion Passenger 4.0.45
      X-Request-Id:
      - 406874e6-2d3d-46f6-b92a-ac2deff08c2a
      X-Runtime:
      - '0.092627'
      X-Xss-Protection:
      - 1; mode=block
      Content-Length:
      - '155'
      Connection:
      - keep-alive
    body:
      encoding: UTF-8
      string: '{"id":7,"name":"Admin Test Org","slug":"admin-test-org","urls":[],"url":"http://ohana-api-test.herokuapp.com/api/organizations/admin-test-org","locations_url":"http://ohana-api-test.herokuapp.com/api/organizations/admin-test-org/locations"}'
    http_version: 
  recorded_at: Tue, 15 Jul 2014 19:52:16 GMT
- request:
    method: patch
    uri: http://ohana-api-test.herokuapp.com/api/locations/21/address/20?api_token=Ohana-API-Admin-Test&city=fairfax&new&state=va&street=bozo&zip=12345
    body:
      encoding: UTF-8
      string: "{}"
    headers:
      Accept:
      - application/vnd.ohanapi-v1+json
      User-Agent:
      - Ohanakapa Ruby Gem 1.1.1
      X-Api-Token:
      - Ohana-API-Admin-Test
      Accept-Encoding:
      - gzip;q=1.0,deflate;q=0.6,identity;q=0.3
  response:
    status:
      code: 200
      message: OK
    headers:
      Cache-Control:
      - max-age=0, private, must-revalidate
      Content-Type:
      - application/json; charset=utf-8
      Date:
      - Tue, 15 Jul 2014 19:52:17 GMT
      Server:
      - nginx/1.6.0 + Phusion Passenger 4.0.45
      Status:
      - 200 OK
      X-Content-Type-Options:
      - nosniff
      X-Frame-Options:
      - SAMEORIGIN
      X-Powered-By:
      - Phusion Passenger 4.0.45
      X-Request-Id:
      - 52110f1b-1ccb-49bd-a49d-635e7de6a61e
      X-Runtime:
      - '0.028131'
      X-Xss-Protection:
      - 1; mode=block
      Transfer-Encoding:
      - chunked
      Connection:
      - keep-alive
    body:
      encoding: UTF-8
      string: '{"id":20,"street":"bozo","city":"fairfax","state":"va","zip":"12345"}'
    http_version: 
  recorded_at: Tue, 15 Jul 2014 19:52:16 GMT
- request:
    method: put
    uri: http://ohana-api-test.herokuapp.com/api/locations/21?accessibility%5B0%5D=restroom&admin_emails%5B0%5D=ohana@gmail.com&api_token=Ohana-API-Admin-Test&description=This%20is%20a%20description&emails%5B0%5D=moncefbelyamani@samaritanhousesanmateo.org&hours=Monday-Friday%2010am-5pm&name=Admin%20Test%20Location&short_desc=This%20is%20a%20short%20description&transportation=SAMTRANS%20stops%20within%201/2%20mile.&urls%5B0%5D=http://codeforamerica.org
    body:
      encoding: UTF-8
      string: "{}"
    headers:
      Accept:
      - application/vnd.ohanapi-v1+json
      User-Agent:
      - Ohanakapa Ruby Gem 1.1.1
      X-Api-Token:
      - Ohana-API-Admin-Test
      Accept-Encoding:
      - gzip;q=1.0,deflate;q=0.6,identity;q=0.3
  response:
    status:
      code: 200
      message: OK
    headers:
      Cache-Control:
      - max-age=0, private, must-revalidate
      Content-Type:
      - application/json; charset=utf-8
      Date:
      - Tue, 15 Jul 2014 19:52:17 GMT
      Server:
      - nginx/1.6.0 + Phusion Passenger 4.0.45
      Status:
      - 200 OK
      X-Content-Type-Options:
      - nosniff
      X-Frame-Options:
      - SAMEORIGIN
      X-Powered-By:
      - Phusion Passenger 4.0.45
      X-Request-Id:
      - 54dda52f-4144-4afb-917e-f744fe54a888
      X-Runtime:
      - '0.068552'
      X-Xss-Protection:
      - 1; mode=block
      Content-Length:
      - '826'
      Connection:
      - keep-alive
    body:
      encoding: UTF-8
      string: '{"id":21,"accessibility":["Disabled Restroom"],"admin_emails":["ohana@gmail.com"],"coordinates":[-73.9395687,42.8142432],"description":"This
        is a description","emails":["moncefbelyamani@samaritanhousesanmateo.org"],"hours":"Monday-Friday
        10am-5pm","languages":[],"latitude":42.8142432,"longitude":-73.9395687,"name":"Admin
        Test Location","short_desc":"This is a short description","slug":"admin-test-location","transportation":"SAMTRANS
        stops within 1/2 mile.","updated_at":"2014-07-15T12:52:17.314-07:00","urls":["http://codeforamerica.org"],"url":"http://ohana-api-test.herokuapp.com/api/locations/admin-test-location","address":{"id":20,"street":"bozo","city":"fairfax","state":"va","zip":"12345"},"contacts":[{"email":"moncefbelyamani@samaritanhousesanmateo.org","extension":null,"fax":"703-555-1234","id":46,"name":"Moncef
        Belyamani-Belyamani","phone":"703-555-1212","title":"Director of Development
        and Operations"}],"faxes":[{"id":41,"number":"2025551212","department":"CalFresh"}],"mail_address":null,"phones":[{"id":41,"department":"CalFresh","extension":"x1223","number":"7035551212","number_type":null,"vanity_number":"703555-ABCD"}],"services":[{"id":21,"audience":null,"description":"Description
        for Admin Test Service #1.","eligibility":null,"fees":null,"funding_sources":[],"how_to_apply":null,"keywords":[],"name":"Admin
        Test Service #1","service_areas":["Atherton"],"short_desc":null,"urls":[],"wait":null,"updated_at":"2014-07-15T12:52:15.804-07:00","categories":[]}],"organization":{"id":7,"name":"Admin
        Test Org","slug":"admin-test-org","urls":[],"url":"http://ohana-api-test.herokuapp.com/api/organizations/admin-test-org","locations_url":"http://ohana-api-test.herokuapp.com/api/organizations/admin-test-org/locations"}}'
    http_version: 
  recorded_at: Tue, 15 Jul 2014 19:52:16 GMT
- request:
    method: patch
    uri: http://ohana-api-test.herokuapp.com/api/locations/21/contacts/46?api_token=Ohana-API-Admin-Test&email=moncefbelyamani@samaritanhousesanmateo.org&extension=&fax=703-555-1234&name=Moncef%20Belyamani-Belyamani&phone=703-555-1212&title=Director%20of%20Development%20and%20Operations
    body:
      encoding: UTF-8
      string: "{}"
    headers:
      Accept:
      - application/vnd.ohanapi-v1+json
      User-Agent:
      - Ohanakapa Ruby Gem 1.1.1
      X-Api-Token:
      - Ohana-API-Admin-Test
      Accept-Encoding:
      - gzip;q=1.0,deflate;q=0.6,identity;q=0.3
  response:
    status:
      code: 200
      message: OK
    headers:
      Cache-Control:
      - max-age=0, private, must-revalidate
      Content-Type:
      - application/json; charset=utf-8
      Date:
      - Tue, 15 Jul 2014 19:52:17 GMT
      Server:
      - nginx/1.6.0 + Phusion Passenger 4.0.45
      Status:
      - 200 OK
      X-Content-Type-Options:
      - nosniff
      X-Frame-Options:
      - SAMEORIGIN
      X-Powered-By:
      - Phusion Passenger 4.0.45
      X-Request-Id:
      - 5c34ae0e-7888-48ea-97a3-de2b1338d680
      X-Runtime:
      - '0.030542'
      X-Xss-Protection:
      - 1; mode=block
      Content-Length:
      - '186'
      Connection:
      - keep-alive
    body:
      encoding: UTF-8
      string: '{"email":"moncefbelyamani@samaritanhousesanmateo.org","extension":null,"fax":"703-555-1234","id":46,"name":"Moncef
        Belyamani-Belyamani","phone":"703-555-1212","title":"Director of Development
        and Operations"}'
    http_version: 
  recorded_at: Tue, 15 Jul 2014 19:52:17 GMT
- request:
    method: patch
    uri: http://ohana-api-test.herokuapp.com/api/locations/21/faxes/41?api_token=Ohana-API-Admin-Test&department=CalFresh&number=2025551212
    body:
      encoding: UTF-8
      string: "{}"
    headers:
      Accept:
      - application/vnd.ohanapi-v1+json
      User-Agent:
      - Ohanakapa Ruby Gem 1.1.1
      X-Api-Token:
      - Ohana-API-Admin-Test
      Accept-Encoding:
      - gzip;q=1.0,deflate;q=0.6,identity;q=0.3
  response:
    status:
      code: 200
      message: OK
    headers:
      Cache-Control:
      - max-age=0, private, must-revalidate
      Content-Type:
      - application/json; charset=utf-8
      Date:
      - Tue, 15 Jul 2014 19:52:17 GMT
      Server:
      - nginx/1.6.0 + Phusion Passenger 4.0.45
      Status:
      - 200 OK
      X-Content-Type-Options:
      - nosniff
      X-Frame-Options:
      - SAMEORIGIN
      X-Powered-By:
      - Phusion Passenger 4.0.45
      X-Request-Id:
      - b7205aa7-c624-49ce-842b-67d034e84066
      X-Runtime:
      - '0.030332'
      X-Xss-Protection:
      - 1; mode=block
      Content-Length:
      - '80'
      Connection:
      - keep-alive
    body:
      encoding: UTF-8
      string: '{"id":41,"number":"2025551212","department":"CalFresh"}'
    http_version: 
  recorded_at: Tue, 15 Jul 2014 19:52:17 GMT
- request:
    method: patch
    uri: http://ohana-api-test.herokuapp.com/api/locations/21/phones/41?api_token=Ohana-API-Admin-Test&department=CalFresh&extension=x1223&number=7035551212&vanity_number=703555-ABCD
    body:
      encoding: UTF-8
      string: "{}"
    headers:
      Accept:
      - application/vnd.ohanapi-v1+json
      User-Agent:
      - Ohanakapa Ruby Gem 1.1.1
      X-Api-Token:
      - Ohana-API-Admin-Test
      Accept-Encoding:
      - gzip;q=1.0,deflate;q=0.6,identity;q=0.3
  response:
    status:
      code: 200
      message: OK
    headers:
      Cache-Control:
      - max-age=0, private, must-revalidate
      Content-Type:
      - application/json; charset=utf-8
      Date:
      - Tue, 15 Jul 2014 19:52:17 GMT
      Server:
      - nginx/1.6.0 + Phusion Passenger 4.0.45
      Status:
      - 200 OK
      X-Content-Type-Options:
      - nosniff
      X-Frame-Options:
      - SAMEORIGIN
      X-Powered-By:
      - Phusion Passenger 4.0.45
      X-Request-Id:
      - 553a91d1-f323-4105-b86e-a7bc0c3afba9
      X-Runtime:
      - '0.036320'
      X-Xss-Protection:
      - 1; mode=block
      Content-Length:
      - '131'
      Connection:
      - keep-alive
    body:
      encoding: UTF-8
      string: '{"id":41,"department":"CalFresh","extension":"x1223","number":"7035551212","number_type":null,"vanity_number":"703555-ABCD"}'
    http_version: 
  recorded_at: Tue, 15 Jul 2014 19:52:17 GMT
- request:
    method: patch
    uri: http://ohana-api-test.herokuapp.com/api/locations/21/services/21?api_token=Ohana-API-Admin-Test&audience=&description=Description%20for%20Admin%20Test%20Service%20%231.&eligibility=&fees=&how_to_apply=&keywords&name=Admin%20Test%20Service%20%231&service_areas%5B0%5D=Atherton&wait=
    body:
      encoding: UTF-8
      string: "{}"
    headers:
      Accept:
      - application/vnd.ohanapi-v1+json
      User-Agent:
      - Ohanakapa Ruby Gem 1.1.1
      X-Api-Token:
      - Ohana-API-Admin-Test
      Accept-Encoding:
      - gzip;q=1.0,deflate;q=0.6,identity;q=0.3
  response:
    status:
      code: 200
      message: OK
    headers:
      Cache-Control:
      - max-age=0, private, must-revalidate
      Content-Type:
      - application/json; charset=utf-8
      Date:
      - Tue, 15 Jul 2014 19:52:17 GMT
      Server:
      - nginx/1.6.0 + Phusion Passenger 4.0.45
      Status:
      - 200 OK
      X-Content-Type-Options:
      - nosniff
      X-Frame-Options:
      - SAMEORIGIN
      X-Powered-By:
      - Phusion Passenger 4.0.45
      X-Request-Id:
      - 6f26f16f-4fc0-48e2-aada-e26d0a3fc100
      X-Runtime:
      - '0.048285'
      X-Xss-Protection:
      - 1; mode=block
      Content-Length:
      - '239'
      Connection:
      - keep-alive
    body:
      encoding: UTF-8
      string: '{"id":21,"audience":null,"description":"Description for Admin Test
        Service #1.","eligibility":null,"fees":null,"funding_sources":[],"how_to_apply":null,"keywords":[],"name":"Admin
        Test Service #1","service_areas":["Atherton"],"short_desc":null,"urls":[],"wait":null,"updated_at":"2014-07-15T12:52:17.783-07:00","categories":[]}'
    http_version: 
  recorded_at: Tue, 15 Jul 2014 19:52:17 GMT
- request:
    method: put
    uri: http://ohana-api-test.herokuapp.com/api/services/21/categories?api_token=Ohana-API-Admin-Test&oe_ids
    body:
      encoding: UTF-8
      string: "{}"
    headers:
      Accept:
      - application/vnd.ohanapi-v1+json
      User-Agent:
      - Ohanakapa Ruby Gem 1.1.1
      X-Api-Token:
      - Ohana-API-Admin-Test
      Accept-Encoding:
      - gzip;q=1.0,deflate;q=0.6,identity;q=0.3
  response:
    status:
      code: 200
      message: OK
    headers:
      Cache-Control:
      - max-age=0, private, must-revalidate
      Content-Type:
      - application/json; charset=utf-8
      Date:
      - Tue, 15 Jul 2014 19:52:17 GMT
      Server:
      - nginx/1.6.0 + Phusion Passenger 4.0.45
      Status:
      - 200 OK
      X-Content-Type-Options:
      - nosniff
      X-Frame-Options:
      - SAMEORIGIN
      X-Powered-By:
      - Phusion Passenger 4.0.45
      X-Request-Id:
      - b0f76b5f-e224-4cc5-86d4-1044439384fe
      X-Runtime:
      - '0.092084'
      X-Xss-Protection:
      - 1; mode=block
      Transfer-Encoding:
      - chunked
      Connection:
      - keep-alive
    body:
      encoding: UTF-8
      string: '{"id":21,"audience":null,"description":"Description for Admin Test
        Service #1.","eligibility":null,"fees":null,"funding_sources":[],"how_to_apply":null,"keywords":[],"name":"Admin
        Test Service #1","service_areas":["Atherton"],"short_desc":null,"urls":[],"wait":null,"updated_at":"2014-07-15T12:52:17.919-07:00","categories":[]}'
    http_version: 
  recorded_at: Tue, 15 Jul 2014 19:52:17 GMT
- request:
    method: get
    uri: http://ohana-api-test.herokuapp.com/api/locations/admin-test-location?api_token=Ohana-API-Admin-Test
    body:
      encoding: US-ASCII
      string: ''
    headers:
      Accept:
      - application/vnd.ohanapi-v1+json
      User-Agent:
      - Ohanakapa Ruby Gem 1.1.1
      X-Api-Token:
      - Ohana-API-Admin-Test
      Accept-Encoding:
      - gzip;q=1.0,deflate;q=0.6,identity;q=0.3
  response:
    status:
      code: 200
      message: OK
    headers:
      Cache-Control:
      - max-age=0, private, must-revalidate
      Content-Type:
      - application/json; charset=utf-8
      Date:
      - Tue, 15 Jul 2014 19:52:18 GMT
      Server:
      - nginx/1.6.0 + Phusion Passenger 4.0.45
      Status:
      - 200 OK
      X-Content-Type-Options:
      - nosniff
      X-Frame-Options:
      - SAMEORIGIN
      X-Powered-By:
      - Phusion Passenger 4.0.45
      X-Request-Id:
      - 89087c77-758e-4cad-b1f9-87db9b39d30a
      X-Runtime:
      - '0.045151'
      X-Xss-Protection:
      - 1; mode=block
      Content-Length:
      - '817'
      Connection:
      - keep-alive
    body:
      encoding: UTF-8
      string: '{"id":21,"accessibility":["Disabled Restroom"],"admin_emails":["ohana@gmail.com"],"coordinates":[-73.9395687,42.8142432],"description":"This
        is a description","emails":["moncefbelyamani@samaritanhousesanmateo.org"],"hours":"Monday-Friday
        10am-5pm","languages":[],"latitude":42.8142432,"longitude":-73.9395687,"name":"Admin
        Test Location","short_desc":"This is a short description","slug":"admin-test-location","transportation":"SAMTRANS
        stops within 1/2 mile.","updated_at":"2014-07-15T12:52:17.923-07:00","urls":["http://codeforamerica.org"],"url":"http://ohana-api-test.herokuapp.com/api/locations/admin-test-location","address":{"id":20,"street":"bozo","city":"fairfax","state":"va","zip":"12345"},"contacts":[{"email":"moncefbelyamani@samaritanhousesanmateo.org","extension":null,"fax":"703-555-1234","id":46,"name":"Moncef
        Belyamani-Belyamani","phone":"703-555-1212","title":"Director of Development
        and Operations"}],"faxes":[{"id":41,"number":"2025551212","department":"CalFresh"}],"mail_address":null,"phones":[{"id":41,"department":"CalFresh","extension":"x1223","number":"7035551212","number_type":null,"vanity_number":"703555-ABCD"}],"services":[{"id":21,"audience":null,"description":"Description
        for Admin Test Service #1.","eligibility":null,"fees":null,"funding_sources":[],"how_to_apply":null,"keywords":[],"name":"Admin
        Test Service #1","service_areas":["Atherton"],"short_desc":null,"urls":[],"wait":null,"updated_at":"2014-07-15T12:52:17.919-07:00","categories":[]}],"organization":{"id":7,"name":"Admin
        Test Org","slug":"admin-test-org","urls":[],"url":"http://ohana-api-test.herokuapp.com/api/organizations/admin-test-org","locations_url":"http://ohana-api-test.herokuapp.com/api/organizations/admin-test-org/locations"}}'
    http_version: 
  recorded_at: Tue, 15 Jul 2014 19:52:17 GMT
- request:
    method: get
    uri: http://ohana-api-test.herokuapp.com/api/locations/admin-test-location?api_token=Ohana-API-Admin-Test
    body:
      encoding: US-ASCII
      string: ''
    headers:
      Accept:
      - application/vnd.ohanapi-v1+json
      User-Agent:
      - Ohanakapa Ruby Gem 1.1.1
      X-Api-Token:
      - Ohana-API-Admin-Test
      Accept-Encoding:
      - gzip;q=1.0,deflate;q=0.6,identity;q=0.3
  response:
    status:
      code: 200
      message: OK
    headers:
      Cache-Control:
      - max-age=0, private, must-revalidate
      Content-Type:
      - application/json; charset=utf-8
      Date:
      - Tue, 15 Jul 2014 19:52:18 GMT
      Server:
      - nginx/1.6.0 + Phusion Passenger 4.0.45
      Status:
      - 200 OK
      X-Content-Type-Options:
      - nosniff
      X-Frame-Options:
      - SAMEORIGIN
      X-Powered-By:
      - Phusion Passenger 4.0.45
      X-Request-Id:
      - 33b7336a-7708-4272-980a-9a01faad6188
      X-Runtime:
      - '0.040415'
      X-Xss-Protection:
      - 1; mode=block
      Content-Length:
      - '823'
      Connection:
      - keep-alive
    body:
      encoding: UTF-8
      string: '{"id":21,"accessibility":["Disabled Restroom"],"admin_emails":["ohana@gmail.com"],"coordinates":[-73.9395687,42.8142432],"description":"This
        is a description","emails":["moncefbelyamani@samaritanhousesanmateo.org"],"hours":"Monday-Friday
        10am-5pm","languages":[],"latitude":42.8142432,"longitude":-73.9395687,"name":"Admin
        Test Location","short_desc":"This is a short description","slug":"admin-test-location","transportation":"SAMTRANS
        stops within 1/2 mile.","updated_at":"2014-07-15T12:52:17.923-07:00","urls":["http://codeforamerica.org"],"url":"http://ohana-api-test.herokuapp.com/api/locations/admin-test-location","address":{"id":20,"street":"bozo","city":"fairfax","state":"va","zip":"12345"},"contacts":[{"email":"moncefbelyamani@samaritanhousesanmateo.org","extension":null,"fax":"703-555-1234","id":46,"name":"Moncef
        Belyamani-Belyamani","phone":"703-555-1212","title":"Director of Development
        and Operations"}],"faxes":[{"id":41,"number":"2025551212","department":"CalFresh"}],"mail_address":null,"phones":[{"id":41,"department":"CalFresh","extension":"x1223","number":"7035551212","number_type":null,"vanity_number":"703555-ABCD"}],"services":[{"id":21,"audience":null,"description":"Description
        for Admin Test Service #1.","eligibility":null,"fees":null,"funding_sources":[],"how_to_apply":null,"keywords":[],"name":"Admin
        Test Service #1","service_areas":["Atherton"],"short_desc":null,"urls":[],"wait":null,"updated_at":"2014-07-15T12:52:17.919-07:00","categories":[]}],"organization":{"id":7,"name":"Admin
        Test Org","slug":"admin-test-org","urls":[],"url":"http://ohana-api-test.herokuapp.com/api/organizations/admin-test-org","locations_url":"http://ohana-api-test.herokuapp.com/api/organizations/admin-test-org/locations"}}'
    http_version: 
  recorded_at: Tue, 15 Jul 2014 19:52:17 GMT
recorded_with: VCR 2.9.2
